
> kabita-live-site@0.1.0 build
> npm run prepare:site && astro build && pagefind --site dist


> kabita-live-site@0.1.0 prepare:site
> python3 build.py && node tools/bundle-feedback.mjs && python3 build-public.py

Created 554 linked pages.
Public-only build inputs: 549 pages, 153 assets. Content ready: False.
18:40:07 [types] Generated 24ms
18:40:07 [build] output: "static"
18:40:07 [build] mode: "static"
18:40:07 [build] directory: /Users/ahimanikya/Projects/Kabita Live/output/kabitalive-design-proposal-2026-09-29/site/dist/
18:40:07 [build] Collecting build info...
18:40:07 [build] ✓ Completed in 40ms.
18:40:07 [build] Building static entrypoints...
18:40:07 [vite] ✓ built in 98ms
18:40:07 [vite] ✓ built in 53ms
18:40:07 [build] Rearranging server assets...

 generating static routes 
18:40:07   ├─ /about.html (+4ms) 
18:40:07   ├─ /archive-2022.html (+1ms) 
18:40:07   ├─ /archive-2023.html (+1ms) 
18:40:07   ├─ /archive-2024.html (+1ms) 
18:40:07   ├─ /archive-2025.html (+1ms) 
18:40:07   ├─ /archive-2026.html (+1ms) 
18:40:07   ├─ /archive.html (+5ms) 
18:40:07   ├─ /contact.html (+2ms) 
18:40:07   ├─ /current-contributors.html (+1ms) 
18:40:07   ├─ /editor-paresh.html (+1ms) 
18:40:07   ├─ /editor-pradeep.html (+0ms) 
18:40:07   ├─ /editorial-team.html (+0ms) 
18:40:07   ├─ /feedback.html (+0ms) 
18:40:07   ├─ /highlight.html (+0ms) 
18:40:07   ├─ /highlights.html (+0ms) 
18:40:07   ├─ /index.html (+0ms) 
18:40:07   ├─ /issue-1.html (+0ms) 
18:40:07   ├─ /issue-10.html (+0ms) 
18:40:07   ├─ /issue-11.html (+0ms) 
18:40:07   ├─ /issue-12.html (+0ms) 
18:40:07   ├─ /issue-13.html (+0ms) 
18:40:07   ├─ /issue-14.html (+0ms) 
18:40:07   ├─ /issue-15.html (+0ms) 
18:40:07   ├─ /issue-16.html (+0ms) 
18:40:07   ├─ /issue-17.html (+0ms) 
18:40:07   ├─ /issue-18.html (+0ms) 
18:40:07   ├─ /issue-19.html (+0ms) 
18:40:07   ├─ /issue-2.html (+0ms) 
18:40:07   ├─ /issue-20.html (+0ms) 
18:40:07   ├─ /issue-21.html (+0ms) 
18:40:07   ├─ /issue-22.html (+0ms) 
18:40:07   ├─ /issue-23.html (+0ms) 
18:40:07   ├─ /issue-24.html (+0ms) 
18:40:07   ├─ /issue-25.html (+0ms) 
18:40:07   ├─ /issue-26.html (+0ms) 
18:40:07   ├─ /issue-27.html (+0ms) 
18:40:07   ├─ /issue-28.html (+0ms) 
18:40:07   ├─ /issue-29.html (+0ms) 
18:40:07   ├─ /issue-3.html (+0ms) 
18:40:07   ├─ /issue-30.html (+0ms) 
18:40:07   ├─ /issue-31.html (+0ms) 
18:40:07   ├─ /issue-32.html (+0ms) 
18:40:07   ├─ /issue-33.html (+0ms) 
18:40:07   ├─ /issue-34.html (+0ms) 
18:40:07   ├─ /issue-35.html (+0ms) 
18:40:07   ├─ /issue-36.html (+0ms) 
18:40:07   ├─ /issue-37.html (+0ms) 
18:40:07   ├─ /issue-38.html (+0ms) 
18:40:07   ├─ /issue-39.html (+0ms) 
18:40:07   ├─ /issue-4.html (+0ms) 
18:40:07   ├─ /issue-40.html (+0ms) 
18:40:07   ├─ /issue-41.html (+0ms) 
18:40:07   ├─ /issue-42.html (+0ms) 
18:40:07   ├─ /issue-43.html (+0ms) 
18:40:07   ├─ /issue-44.html (+1ms) 
18:40:07   ├─ /issue-45.html (+0ms) 
18:40:07   ├─ /issue-46.html (+0ms) 
18:40:07   ├─ /issue-47.html (+0ms) 
18:40:07   ├─ /issue-5.html (+0ms) 
18:40:07   ├─ /issue-6.html (+0ms) 
18:40:07   ├─ /issue-7.html (+0ms) 
18:40:07   ├─ /issue-8.html (+0ms) 
18:40:07   ├─ /issue-9.html (+0ms) 
18:40:07   ├─ /not-found.html (+0ms) 
18:40:07   ├─ /poem-245.html (+0ms) 
18:40:07   ├─ /poem-276.html (+0ms) 
18:40:07   ├─ /poem-412.html (+0ms) 
18:40:07   ├─ /poem-481.html (+0ms) 
18:40:07   ├─ /poem-498.html (+0ms) 
18:40:07   ├─ /poem-515.html (+0ms) 
18:40:07   ├─ /poem-531.html (+0ms) 
18:40:07   ├─ /poem-540.html (+1ms) 
18:40:07   ├─ /poem-542.html (+1ms) 
18:40:07   ├─ /poem-547.html (+0ms) 
18:40:07   ├─ /poem-553.html (+0ms) 
18:40:07   ├─ /poem-568.html (+0ms) 
18:40:07   ├─ /poem-579.html (+0ms) 
18:40:07   ├─ /poem-592.html (+0ms) 
18:40:07   ├─ /poem-597.html (+0ms) 
18:40:07   ├─ /poem-620.html (+0ms) 
18:40:07   ├─ /poem-637.html (+0ms) 
18:40:07   ├─ /poem-641.html (+0ms) 
18:40:07   ├─ /poem-659.html (+0ms) 
18:40:07   ├─ /poem-686.html (+0ms) 
18:40:07   ├─ /poem-691.html (+0ms) 
18:40:07   ├─ /poem-711.html (+0ms) 
18:40:07   ├─ /poem-722.html (+0ms) 
18:40:07   ├─ /poem-734.html (+0ms) 
18:40:07   ├─ /poem-756.html (+0ms) 
18:40:07   ├─ /poem-762.html (+0ms) 
18:40:07   ├─ /poem-778.html (+0ms) 
18:40:07   ├─ /poem-788.html (+0ms) 
18:40:07   ├─ /poem-808.html (+0ms) 
18:40:07   ├─ /poem-811.html (+0ms) 
18:40:07   ├─ /poem-812.html (+0ms) 
18:40:07   ├─ /poem-813.html (+0ms) 
18:40:07   ├─ /poem-815.html (+0ms) 
18:40:07   ├─ /poem-816.html (+0ms) 
18:40:07   ├─ /poem-817.html (+0ms) 
18:40:07   ├─ /poem-818.html (+0ms) 
18:40:07   ├─ /poem-819.html (+0ms) 
18:40:07   ├─ /poem-820.html (+0ms) 
18:40:07   ├─ /poem-821.html (+0ms) 
18:40:07   ├─ /poem-822.html (+0ms) 
18:40:07   ├─ /poem-823.html (+0ms) 
18:40:07   ├─ /poem-92.html (+0ms) 
18:40:07   ├─ /poem-dokana.html (+0ms) 
18:40:07   ├─ /poem-drink.html (+0ms) 
18:40:07   ├─ /poem-kshanika.html (+0ms) 
18:40:07   ├─ /poems.html (+0ms) 
18:40:07   ├─ /poet-100.html (+0ms) 
18:40:07   ├─ /poet-101.html (+0ms) 
18:40:07   ├─ /poet-102.html (+0ms) 
18:40:07   ├─ /poet-103.html (+0ms) 
18:40:07   ├─ /poet-104.html (+0ms) 
18:40:07   ├─ /poet-105.html (+0ms) 
18:40:07   ├─ /poet-106.html (+0ms) 
18:40:07   ├─ /poet-107.html (+0ms) 
18:40:07   ├─ /poet-108.html (+0ms) 
18:40:07   ├─ /poet-109.html (+0ms) 
18:40:07   ├─ /poet-110.html (+0ms) 
18:40:07   ├─ /poet-111.html (+0ms) 
18:40:07   ├─ /poet-112.html (+0ms) 
18:40:07   ├─ /poet-113.html (+0ms) 
18:40:07   ├─ /poet-115.html (+0ms) 
18:40:07   ├─ /poet-116.html (+0ms) 
18:40:07   ├─ /poet-117.html (+0ms) 
18:40:07   ├─ /poet-118.html (+0ms) 
18:40:07   ├─ /poet-119.html (+0ms) 
18:40:07   ├─ /poet-120.html (+0ms) 
18:40:07   ├─ /poet-121.html (+0ms) 
18:40:07   ├─ /poet-122.html (+0ms) 
18:40:07   ├─ /poet-123.html (+0ms) 
18:40:07   ├─ /poet-124.html (+0ms) 
18:40:07   ├─ /poet-125.html (+0ms) 
18:40:07   ├─ /poet-126.html (+0ms) 
18:40:07   ├─ /poet-129.html (+0ms) 
18:40:07   ├─ /poet-130.html (+0ms) 
18:40:07   ├─ /poet-131.html (+0ms) 
18:40:07   ├─ /poet-133.html (+0ms) 
18:40:07   ├─ /poet-134.html (+0ms) 
18:40:07   ├─ /poet-135.html (+0ms) 
18:40:07   ├─ /poet-136.html (+0ms) 
18:40:07   ├─ /poet-137.html (+0ms) 
18:40:07   ├─ /poet-138.html (+0ms) 
18:40:07   ├─ /poet-139.html (+0ms) 
18:40:07   ├─ /poet-140.html (+0ms) 
18:40:07   ├─ /poet-141.html (+0ms) 
18:40:07   ├─ /poet-142.html (+0ms) 
18:40:07   ├─ /poet-144.html (+0ms) 
18:40:07   ├─ /poet-145.html (+0ms) 
18:40:07   ├─ /poet-146.html (+0ms) 
18:40:07   ├─ /poet-147.html (+0ms) 
18:40:07   ├─ /poet-148.html (+0ms) 
18:40:07   ├─ /poet-149.html (+0ms) 
18:40:07   ├─ /poet-150.html (+0ms) 
18:40:07   ├─ /poet-151.html (+0ms) 
18:40:07   ├─ /poet-152.html (+0ms) 
18:40:07   ├─ /poet-153.html (+0ms) 
18:40:07   ├─ /poet-154.html (+0ms) 
18:40:07   ├─ /poet-155.html (+0ms) 
18:40:07   ├─ /poet-156.html (+0ms) 
18:40:07   ├─ /poet-157.html (+0ms) 
18:40:07   ├─ /poet-158.html (+0ms) 
18:40:07   ├─ /poet-159.html (+0ms) 
18:40:07   ├─ /poet-160.html (+0ms) 
18:40:07   ├─ /poet-161.html (+0ms) 
18:40:07   ├─ /poet-162.html (+0ms) 
18:40:07   ├─ /poet-163.html (+0ms) 
18:40:07   ├─ /poet-164.html (+0ms) 
18:40:07   ├─ /poet-165.html (+0ms) 
18:40:07   ├─ /poet-166.html (+0ms) 
18:40:07   ├─ /poet-167.html (+0ms) 
18:40:07   ├─ /poet-168.html (+0ms) 
18:40:07   ├─ /poet-169.html (+0ms) 
18:40:07   ├─ /poet-170.html (+0ms) 
18:40:07   ├─ /poet-171.html (+0ms) 
18:40:07   ├─ /poet-172.html (+0ms) 
18:40:07   ├─ /poet-173.html (+0ms) 
18:40:07   ├─ /poet-174.html (+0ms) 
18:40:07   ├─ /poet-175.html (+0ms) 
18:40:07   ├─ /poet-176.html (+0ms) 
18:40:07   ├─ /poet-177.html (+0ms) 
18:40:07   ├─ /poet-178.html (+0ms) 
18:40:07   ├─ /poet-179.html (+0ms) 
18:40:07   ├─ /poet-180.html (+0ms) 
18:40:07   ├─ /poet-181.html (+0ms) 
18:40:07   ├─ /poet-182.html (+0ms) 
18:40:07   ├─ /poet-183.html (+1ms) 
18:40:07   ├─ /poet-184.html (+0ms) 
18:40:07   ├─ /poet-185.html (+0ms) 
18:40:07   ├─ /poet-186.html (+0ms) 
18:40:07   ├─ /poet-187.html (+0ms) 
18:40:07   ├─ /poet-188.html (+0ms) 
18:40:07   ├─ /poet-189.html (+0ms) 
18:40:07   ├─ /poet-190.html (+0ms) 
18:40:07   ├─ /poet-191.html (+0ms) 
18:40:07   ├─ /poet-192.html (+0ms) 
18:40:07   ├─ /poet-193.html (+0ms) 
18:40:07   ├─ /poet-194.html (+0ms) 
18:40:07   ├─ /poet-195.html (+0ms) 
18:40:07   ├─ /poet-196.html (+2ms) 
18:40:07   ├─ /poet-197.html (+0ms) 
18:40:07   ├─ /poet-198.html (+0ms) 
18:40:07   ├─ /poet-199.html (+0ms) 
18:40:07   ├─ /poet-20.html (+0ms) 
18:40:07   ├─ /poet-200.html (+0ms) 
18:40:07   ├─ /poet-201.html (+4ms) 
18:40:07   ├─ /poet-202.html (+0ms) 
18:40:07   ├─ /poet-203.html (+1ms) 
18:40:07   ├─ /poet-204.html (+0ms) 
18:40:07   ├─ /poet-205.html (+0ms) 
18:40:07   ├─ /poet-206.html (+0ms) 
18:40:07   ├─ /poet-207.html (+0ms) 
18:40:07   ├─ /poet-208.html (+0ms) 
18:40:07   ├─ /poet-209.html (+0ms) 
18:40:07   ├─ /poet-21.html (+0ms) 
18:40:07   ├─ /poet-210.html (+0ms) 
18:40:07   ├─ /poet-211.html (+0ms) 
18:40:07   ├─ /poet-212.html (+0ms) 
18:40:07   ├─ /poet-213.html (+0ms) 
18:40:07   ├─ /poet-214.html (+0ms) 
18:40:07   ├─ /poet-215.html (+0ms) 
18:40:07   ├─ /poet-216.html (+0ms) 
18:40:07   ├─ /poet-217.html (+0ms) 
18:40:07   ├─ /poet-218.html (+0ms) 
18:40:07   ├─ /poet-219.html (+0ms) 
18:40:07   ├─ /poet-220.html (+0ms) 
18:40:07   ├─ /poet-222.html (+0ms) 
18:40:07   ├─ /poet-223.html (+0ms) 
18:40:07   ├─ /poet-224.html (+0ms) 
18:40:07   ├─ /poet-225.html (+0ms) 
18:40:07   ├─ /poet-226.html (+0ms) 
18:40:07   ├─ /poet-227.html (+0ms) 
18:40:07   ├─ /poet-228.html (+0ms) 
18:40:07   ├─ /poet-229.html (+0ms) 
18:40:07   ├─ /poet-23.html (+0ms) 
18:40:07   ├─ /poet-230.html (+0ms) 
18:40:07   ├─ /poet-231.html (+0ms) 
18:40:07   ├─ /poet-232.html (+0ms) 
18:40:07   ├─ /poet-233.html (+0ms) 
18:40:07   ├─ /poet-234.html (+0ms) 
18:40:07   ├─ /poet-235.html (+0ms) 
18:40:07   ├─ /poet-236.html (+0ms) 
18:40:07   ├─ /poet-237.html (+0ms) 
18:40:07   ├─ /poet-238.html (+0ms) 
18:40:07   ├─ /poet-239.html (+0ms) 
18:40:07   ├─ /poet-24.html (+0ms) 
18:40:07   ├─ /poet-240.html (+0ms) 
18:40:07   ├─ /poet-241.html (+0ms) 
18:40:07   ├─ /poet-243.html (+0ms) 
18:40:07   ├─ /poet-244.html (+0ms) 
18:40:07   ├─ /poet-245.html (+0ms) 
18:40:07   ├─ /poet-246.html (+0ms) 
18:40:07   ├─ /poet-248.html (+0ms) 
18:40:07   ├─ /poet-249.html (+0ms) 
18:40:07   ├─ /poet-25.html (+0ms) 
18:40:07   ├─ /poet-250.html (+0ms) 
18:40:07   ├─ /poet-251.html (+0ms) 
18:40:07   ├─ /poet-252.html (+0ms) 
18:40:07   ├─ /poet-253.html (+0ms) 
18:40:07   ├─ /poet-254.html (+0ms) 
18:40:07   ├─ /poet-255.html (+0ms) 
18:40:07   ├─ /poet-256.html (+0ms) 
18:40:07   ├─ /poet-259.html (+0ms) 
18:40:07   ├─ /poet-26.html (+0ms) 
18:40:07   ├─ /poet-260.html (+0ms) 
18:40:07   ├─ /poet-262.html (+0ms) 
18:40:07   ├─ /poet-263.html (+0ms) 
18:40:07   ├─ /poet-264.html (+0ms) 
18:40:07   ├─ /poet-265.html (+0ms) 
18:40:07   ├─ /poet-266.html (+0ms) 
18:40:07   ├─ /poet-267.html (+0ms) 
18:40:07   ├─ /poet-268.html (+0ms) 
18:40:07   ├─ /poet-269.html (+0ms) 
18:40:07   ├─ /poet-27.html (+0ms) 
18:40:07   ├─ /poet-270.html (+0ms) 
18:40:07   ├─ /poet-271.html (+0ms) 
18:40:07   ├─ /poet-272.html (+0ms) 
18:40:07   ├─ /poet-273.html (+0ms) 
18:40:07   ├─ /poet-274.html (+0ms) 
18:40:07   ├─ /poet-275.html (+0ms) 
18:40:07   ├─ /poet-276.html (+4ms) 
18:40:07   ├─ /poet-277.html (+0ms) 
18:40:07   ├─ /poet-278.html (+0ms) 
18:40:07   ├─ /poet-279.html (+0ms) 
18:40:07   ├─ /poet-28.html (+0ms) 
18:40:07   ├─ /poet-280.html (+0ms) 
18:40:07   ├─ /poet-281.html (+0ms) 
18:40:07   ├─ /poet-282.html (+0ms) 
18:40:07   ├─ /poet-283.html (+0ms) 
18:40:07   ├─ /poet-284.html (+0ms) 
18:40:07   ├─ /poet-285.html (+0ms) 
18:40:07   ├─ /poet-286.html (+0ms) 
18:40:07   ├─ /poet-287.html (+0ms) 
18:40:07   ├─ /poet-288.html (+0ms) 
18:40:07   ├─ /poet-289.html (+0ms) 
18:40:07   ├─ /poet-29.html (+0ms) 
18:40:07   ├─ /poet-290.html (+0ms) 
18:40:07   ├─ /poet-291.html (+0ms) 
18:40:07   ├─ /poet-292.html (+0ms) 
18:40:07   ├─ /poet-293.html (+0ms) 
18:40:07   ├─ /poet-294.html (+0ms) 
18:40:07   ├─ /poet-295.html (+0ms) 
18:40:07   ├─ /poet-296.html (+0ms) 
18:40:07   ├─ /poet-297.html (+0ms) 
18:40:07   ├─ /poet-298.html (+0ms) 
18:40:07   ├─ /poet-299.html (+0ms) 
18:40:07   ├─ /poet-30.html (+0ms) 
18:40:07   ├─ /poet-300.html (+0ms) 
18:40:07   ├─ /poet-301.html (+0ms) 
18:40:07   ├─ /poet-302.html (+0ms) 
18:40:07   ├─ /poet-303.html (+0ms) 
18:40:07   ├─ /poet-304.html (+0ms) 
18:40:07   ├─ /poet-305.html (+0ms) 
18:40:07   ├─ /poet-306.html (+0ms) 
18:40:07   ├─ /poet-308.html (+0ms) 
18:40:07   ├─ /poet-309.html (+0ms) 
18:40:07   ├─ /poet-31.html (+0ms) 
18:40:07   ├─ /poet-310.html (+0ms) 
18:40:07   ├─ /poet-311.html (+0ms) 
18:40:07   ├─ /poet-313.html (+0ms) 
18:40:07   ├─ /poet-314.html (+0ms) 
18:40:07   ├─ /poet-315.html (+0ms) 
18:40:07   ├─ /poet-316.html (+0ms) 
18:40:07   ├─ /poet-317.html (+0ms) 
18:40:07   ├─ /poet-318.html (+0ms) 
18:40:07   ├─ /poet-319.html (+0ms) 
18:40:07   ├─ /poet-32.html (+0ms) 
18:40:07   ├─ /poet-320.html (+0ms) 
18:40:07   ├─ /poet-321.html (+0ms) 
18:40:07   ├─ /poet-322.html (+0ms) 
18:40:07   ├─ /poet-323.html (+0ms) 
18:40:07   ├─ /poet-325.html (+0ms) 
18:40:07   ├─ /poet-326.html (+0ms) 
18:40:07   ├─ /poet-327.html (+0ms) 
18:40:07   ├─ /poet-328.html (+0ms) 
18:40:07   ├─ /poet-329.html (+0ms) 
18:40:07   ├─ /poet-330.html (+0ms) 
18:40:07   ├─ /poet-331.html (+0ms) 
18:40:07   ├─ /poet-332.html (+0ms) 
18:40:07   ├─ /poet-333.html (+0ms) 
18:40:07   ├─ /poet-334.html (+0ms) 
18:40:07   ├─ /poet-335.html (+0ms) 
18:40:07   ├─ /poet-338.html (+0ms) 
18:40:07   ├─ /poet-339.html (+0ms) 
18:40:07   ├─ /poet-34.html (+0ms) 
18:40:07   ├─ /poet-340.html (+0ms) 
18:40:07   ├─ /poet-341.html (+0ms) 
18:40:07   ├─ /poet-342.html (+0ms) 
18:40:07   ├─ /poet-344.html (+0ms) 
18:40:07   ├─ /poet-345.html (+0ms) 
18:40:07   ├─ /poet-346.html (+0ms) 
18:40:07   ├─ /poet-347.html (+0ms) 
18:40:07   ├─ /poet-349.html (+0ms) 
18:40:07   ├─ /poet-35.html (+0ms) 
18:40:07   ├─ /poet-351.html (+0ms) 
18:40:07   ├─ /poet-352.html (+0ms) 
18:40:07   ├─ /poet-353.html (+0ms) 
18:40:07   ├─ /poet-354.html (+0ms) 
18:40:07   ├─ /poet-355.html (+0ms) 
18:40:07   ├─ /poet-356.html (+0ms) 
18:40:07   ├─ /poet-357.html (+0ms) 
18:40:07   ├─ /poet-358.html (+0ms) 
18:40:07   ├─ /poet-359.html (+0ms) 
18:40:07   ├─ /poet-36.html (+0ms) 
18:40:07   ├─ /poet-360.html (+0ms) 
18:40:07   ├─ /poet-361.html (+0ms) 
18:40:07   ├─ /poet-362.html (+0ms) 
18:40:07   ├─ /poet-363.html (+0ms) 
18:40:07   ├─ /poet-364.html (+0ms) 
18:40:07   ├─ /poet-365.html (+0ms) 
18:40:07   ├─ /poet-366.html (+0ms) 
18:40:07   ├─ /poet-368.html (+0ms) 
18:40:07   ├─ /poet-369.html (+0ms) 
18:40:07   ├─ /poet-37.html (+0ms) 
18:40:07   ├─ /poet-370.html (+0ms) 
18:40:07   ├─ /poet-371.html (+0ms) 
18:40:07   ├─ /poet-372.html (+0ms) 
18:40:07   ├─ /poet-373.html (+0ms) 
18:40:07   ├─ /poet-374.html (+0ms) 
18:40:07   ├─ /poet-376.html (+0ms) 
18:40:07   ├─ /poet-377.html (+0ms) 
18:40:07   ├─ /poet-379.html (+0ms) 
18:40:07   ├─ /poet-38.html (+0ms) 
18:40:07   ├─ /poet-380.html (+0ms) 
18:40:07   ├─ /poet-381.html (+0ms) 
18:40:07   ├─ /poet-382.html (+0ms) 
18:40:07   ├─ /poet-383.html (+0ms) 
18:40:07   ├─ /poet-384.html (+0ms) 
18:40:07   ├─ /poet-385.html (+0ms) 
18:40:07   ├─ /poet-386.html (+0ms) 
18:40:07   ├─ /poet-387.html (+0ms) 
18:40:07   ├─ /poet-388.html (+0ms) 
18:40:07   ├─ /poet-389.html (+0ms) 
18:40:07   ├─ /poet-39.html (+0ms) 
18:40:07   ├─ /poet-390.html (+0ms) 
18:40:07   ├─ /poet-391.html (+0ms) 
18:40:07   ├─ /poet-392.html (+0ms) 
18:40:07   ├─ /poet-393.html (+0ms) 
18:40:07   ├─ /poet-394.html (+0ms) 
18:40:07   ├─ /poet-395.html (+0ms) 
18:40:07   ├─ /poet-396.html (+0ms) 
18:40:07   ├─ /poet-398.html (+0ms) 
18:40:07   ├─ /poet-399.html (+0ms) 
18:40:07   ├─ /poet-40.html (+0ms) 
18:40:07   ├─ /poet-400.html (+0ms) 
18:40:07   ├─ /poet-401.html (+0ms) 
18:40:07   ├─ /poet-402.html (+0ms) 
18:40:07   ├─ /poet-403.html (+0ms) 
18:40:07   ├─ /poet-404.html (+0ms) 
18:40:07   ├─ /poet-405.html (+0ms) 
18:40:07   ├─ /poet-406.html (+0ms) 
18:40:07   ├─ /poet-407.html (+0ms) 
18:40:07   ├─ /poet-408.html (+0ms) 
18:40:07   ├─ /poet-409.html (+0ms) 
18:40:07   ├─ /poet-41.html (+0ms) 
18:40:07   ├─ /poet-410.html (+0ms) 
18:40:07   ├─ /poet-411.html (+0ms) 
18:40:07   ├─ /poet-412.html (+0ms) 
18:40:07   ├─ /poet-413.html (+0ms) 
18:40:07   ├─ /poet-414.html (+0ms) 
18:40:07   ├─ /poet-415.html (+0ms) 
18:40:07   ├─ /poet-417.html (+0ms) 
18:40:07   ├─ /poet-418.html (+0ms) 
18:40:07   ├─ /poet-419.html (+0ms) 
18:40:07   ├─ /poet-42.html (+0ms) 
18:40:07   ├─ /poet-420.html (+0ms) 
18:40:07   ├─ /poet-421.html (+0ms) 
18:40:07   ├─ /poet-422.html (+0ms) 
18:40:07   ├─ /poet-423.html (+0ms) 
18:40:07   ├─ /poet-424.html (+0ms) 
18:40:07   ├─ /poet-425.html (+0ms) 
18:40:07   ├─ /poet-426.html (+0ms) 
18:40:07   ├─ /poet-427.html (+0ms) 
18:40:07   ├─ /poet-428.html (+0ms) 
18:40:07   ├─ /poet-429.html (+0ms) 
18:40:07   ├─ /poet-430.html (+0ms) 
18:40:07   ├─ /poet-431.html (+0ms) 
18:40:07   ├─ /poet-432.html (+0ms) 
18:40:07   ├─ /poet-433.html (+0ms) 
18:40:07   ├─ /poet-434.html (+0ms) 
18:40:07   ├─ /poet-435.html (+0ms) 
18:40:07   ├─ /poet-436.html (+0ms) 
18:40:07   ├─ /poet-437.html (+0ms) 
18:40:07   ├─ /poet-438.html (+0ms) 
18:40:07   ├─ /poet-439.html (+0ms) 
18:40:07   ├─ /poet-44.html (+0ms) 
18:40:07   ├─ /poet-440.html (+0ms) 
18:40:07   ├─ /poet-441.html (+0ms) 
18:40:07   ├─ /poet-442.html (+0ms) 
18:40:07   ├─ /poet-443.html (+0ms) 
18:40:07   ├─ /poet-444.html (+0ms) 
18:40:07   ├─ /poet-445.html (+0ms) 
18:40:07   ├─ /poet-446.html (+0ms) 
18:40:07   ├─ /poet-447.html (+0ms) 
18:40:07   ├─ /poet-448.html (+0ms) 
18:40:07   ├─ /poet-449.html (+0ms) 
18:40:07   ├─ /poet-45.html (+0ms) 
18:40:07   ├─ /poet-450.html (+0ms) 
18:40:07   ├─ /poet-451.html (+0ms) 
18:40:07   ├─ /poet-452.html (+0ms) 
18:40:07   ├─ /poet-453.html (+0ms) 
18:40:07   ├─ /poet-454.html (+0ms) 
18:40:07   ├─ /poet-455.html (+0ms) 
18:40:07   ├─ /poet-456.html (+0ms) 
18:40:07   ├─ /poet-457.html (+0ms) 
18:40:07   ├─ /poet-458.html (+0ms) 
18:40:07   ├─ /poet-459.html (+0ms) 
18:40:07   ├─ /poet-46.html (+0ms) 
18:40:07   ├─ /poet-460.html (+0ms) 
18:40:07   ├─ /poet-461.html (+0ms) 
18:40:07   ├─ /poet-462.html (+0ms) 
18:40:07   ├─ /poet-463.html (+0ms) 
18:40:07   ├─ /poet-464.html (+0ms) 
18:40:07   ├─ /poet-465.html (+0ms) 
18:40:07   ├─ /poet-466.html (+0ms) 
18:40:07   ├─ /poet-467.html (+0ms) 
18:40:07   ├─ /poet-468.html (+0ms) 
18:40:07   ├─ /poet-469.html (+0ms) 
18:40:07   ├─ /poet-47.html (+0ms) 
18:40:07   ├─ /poet-470.html (+0ms) 
18:40:07   ├─ /poet-471.html (+0ms) 
18:40:07   ├─ /poet-472.html (+0ms) 
18:40:07   ├─ /poet-48.html (+0ms) 
18:40:07   ├─ /poet-49.html (+0ms) 
18:40:07   ├─ /poet-51.html (+0ms) 
18:40:07   ├─ /poet-52.html (+0ms) 
18:40:07   ├─ /poet-53.html (+0ms) 
18:40:07   ├─ /poet-54.html (+0ms) 
18:40:07   ├─ /poet-55.html (+0ms) 
18:40:07   ├─ /poet-56.html (+0ms) 
18:40:07   ├─ /poet-57.html (+0ms) 
18:40:07   ├─ /poet-58.html (+0ms) 
18:40:07   ├─ /poet-59.html (+0ms) 
18:40:07   ├─ /poet-60.html (+0ms) 
18:40:07   ├─ /poet-61.html (+0ms) 
18:40:07   ├─ /poet-62.html (+0ms) 
18:40:07   ├─ /poet-63.html (+0ms) 
18:40:07   ├─ /poet-65.html (+0ms) 
18:40:07   ├─ /poet-67.html (+0ms) 
18:40:07   ├─ /poet-68.html (+0ms) 
18:40:07   ├─ /poet-69.html (+0ms) 
18:40:07   ├─ /poet-70.html (+0ms) 
18:40:07   ├─ /poet-71.html (+0ms) 
18:40:07   ├─ /poet-72.html (+0ms) 
18:40:07   ├─ /poet-73.html (+0ms) 
18:40:07   ├─ /poet-74.html (+0ms) 
18:40:07   ├─ /poet-75.html (+0ms) 
18:40:07   ├─ /poet-76.html (+0ms) 
18:40:07   ├─ /poet-77.html (+1ms) 
18:40:07   ├─ /poet-78.html (+1ms) 
18:40:07   ├─ /poet-79.html (+0ms) 
18:40:07   ├─ /poet-80.html (+1ms) 
18:40:07   ├─ /poet-81.html (+1ms) 
18:40:07   ├─ /poet-83.html (+0ms) 
18:40:07   ├─ /poet-84.html (+0ms) 
18:40:07   ├─ /poet-85.html (+0ms) 
18:40:07   ├─ /poet-86.html (+0ms) 
18:40:07   ├─ /poet-87.html (+0ms) 
18:40:07   ├─ /poet-88.html (+0ms) 
18:40:07   ├─ /poet-89.html (+0ms) 
18:40:07   ├─ /poet-90.html (+0ms) 
18:40:07   ├─ /poet-91.html (+0ms) 
18:40:07   ├─ /poet-92.html (+0ms) 
18:40:07   ├─ /poet-93.html (+0ms) 
18:40:07   ├─ /poet-94.html (+0ms) 
18:40:07   ├─ /poet-95.html (+0ms) 
18:40:07   ├─ /poet-96.html (+0ms) 
18:40:07   ├─ /poet-97.html (+0ms) 
18:40:07   ├─ /poet-98.html (+0ms) 
18:40:07   ├─ /poet-99.html (+0ms) 
18:40:07   ├─ /poet-dokana.html (+0ms) 
18:40:07   ├─ /poet-drink.html (+0ms) 
18:40:07   ├─ /poet-kshanika.html (+0ms) 
18:40:07   ├─ /poets.html (+0ms) 
18:40:07   ├─ /review-10.html (+0ms) 
18:40:07   ├─ /review-11.html (+0ms) 
18:40:07   ├─ /review-4.html (+0ms) 
18:40:07   ├─ /review-5.html (+0ms) 
18:40:07   ├─ /review-6.html (+0ms) 
18:40:07   ├─ /review-7.html (+0ms) 
18:40:07   ├─ /review-8.html (+0ms) 
18:40:07   ├─ /review-9.html (+0ms) 
18:40:07   ├─ /review.html (+0ms) 
18:40:07   ├─ /reviews.html (+0ms) 
18:40:07   ├─ /search.html (+0ms) 
18:40:07   ├─ /submit.html (+0ms) 
18:40:07   ├─ /upcoming.html (+0ms) 
18:40:07 ✓ Completed in 190ms.

18:40:07 [build] ✓ Completed in 353ms.
18:40:07 [build] 549 page(s) built in 469ms
18:40:07 [build] Complete!

Running Pagefind v1.5.2 (Extended)
Running from: "/Users/ahimanikya/Projects/Kabita Live/output/kabitalive-design-proposal-2026-09-29/site"
Source:       "dist"
Output:       "dist/pagefind"

[Walking source directory]
Found 549 files matching **/*.{html}

[Parsing files]
Found a data-pagefind-body element on the site.
↳ Ignoring pages without this tag.

[Reading languages]
Discovered 1 language: en

[Building search indexes]
Total: 
  Indexed 1 language
  Indexed 549 pages
  Indexed 2929 words
  Indexed 0 filters
  Indexed 0 sorts

Finished in 0.107 seconds
