Refreshing run status every 15 seconds. Press Ctrl+C to quit.

* main Publish Kabita Live · 37015450954
Triggered via workflow_dispatch less than a minute ago

JOBS
* build (ID 110865103152)
  ✓ Set up job
  ✓ Run actions/checkout@v6
  ✓ Run actions/setup-python@v5
  ✓ Run actions/setup-node@v4
  ✓ Run actions/setup-java@v4
  ✓ Run actions/configure-pages@v5
  * Run npm ci
  * Run npm test
  * Run npm run test:rules
  * Build approved hosted preview
  * Build complete, approved reader website
  * Run actions/upload-pages-artifact@v4
  * Post Run actions/setup-java@v4
  * Post Run actions/setup-node@v4
  * Post Run actions/setup-python@v5
  * Post Run actions/checkout@v6
Refreshing run status every 15 seconds. Press Ctrl+C to quit.

* main Publish Kabita Live · 37015450954
Triggered via workflow_dispatch less than a minute ago

JOBS
* build (ID 110865103152)
  ✓ Set up job
  ✓ Run actions/checkout@v6
  ✓ Run actions/setup-python@v5
  ✓ Run actions/setup-node@v4
  ✓ Run actions/setup-java@v4
  ✓ Run actions/configure-pages@v5
  * Run npm ci
  * Run npm test
  * Run npm run test:rules
  * Build approved hosted preview
  * Build complete, approved reader website
  * Run actions/upload-pages-artifact@v4
  * Post Run actions/setup-java@v4
  * Post Run actions/setup-node@v4
  * Post Run actions/setup-python@v5
  * Post Run actions/checkout@v6
Refreshing run status every 15 seconds. Press Ctrl+C to quit.

* main Publish Kabita Live · 37015450954
Triggered via workflow_dispatch about 1 minute ago

JOBS
* build (ID 110865103152)
  ✓ Set up job
  ✓ Run actions/checkout@v6
  ✓ Run actions/setup-python@v5
  ✓ Run actions/setup-node@v4
  ✓ Run actions/setup-java@v4
  ✓ Run actions/configure-pages@v5
  ✓ Run npm ci
  ✓ Run npm test
  * Run npm run test:rules
  * Build approved hosted preview
  * Build complete, approved reader website
  * Run actions/upload-pages-artifact@v4
  * Post Run actions/setup-java@v4
  * Post Run actions/setup-node@v4
  * Post Run actions/setup-python@v5
  * Post Run actions/checkout@v6
Refreshing run status every 15 seconds. Press Ctrl+C to quit.

* main Publish Kabita Live · 37015450954
Triggered via workflow_dispatch about 1 minute ago

JOBS
* build (ID 110865103152)
  ✓ Set up job
  ✓ Run actions/checkout@v6
  ✓ Run actions/setup-python@v5
  ✓ Run actions/setup-node@v4
  ✓ Run actions/setup-java@v4
  ✓ Run actions/configure-pages@v5
  ✓ Run npm ci
  ✓ Run npm test
  ✓ Run npm run test:rules
  * Build approved hosted preview
  * Build complete, approved reader website
  * Run actions/upload-pages-artifact@v4
  * Post Run actions/setup-java@v4
  * Post Run actions/setup-node@v4
  * Post Run actions/setup-python@v5
  * Post Run actions/checkout@v6
Refreshing run status every 15 seconds. Press Ctrl+C to quit.

* main Publish Kabita Live · 37015450954
Triggered via workflow_dispatch about 1 minute ago

JOBS
* build (ID 110865103152)
  ✓ Set up job
  ✓ Run actions/checkout@v6
  ✓ Run actions/setup-python@v5
  ✓ Run actions/setup-node@v4
  ✓ Run actions/setup-java@v4
  ✓ Run actions/configure-pages@v5
  ✓ Run npm ci
  ✓ Run npm test
  ✓ Run npm run test:rules
  ✓ Build approved hosted preview
  - Build complete, approved reader website
  * Run actions/upload-pages-artifact@v4
  * Post Run actions/setup-java@v4
  * Post Run actions/setup-node@v4
  * Post Run actions/setup-python@v5
  * Post Run actions/checkout@v6
Refreshing run status every 15 seconds. Press Ctrl+C to quit.

* main Publish Kabita Live · 37015450954
Triggered via workflow_dispatch about 1 minute ago

JOBS
✓ build in 1m37s (ID 110865103152)
  ✓ Set up job
  ✓ Run actions/checkout@v6
  ✓ Run actions/setup-python@v5
  ✓ Run actions/setup-node@v4
  ✓ Run actions/setup-java@v4
  ✓ Run actions/configure-pages@v5
  ✓ Run npm ci
  ✓ Run npm test
  ✓ Run npm run test:rules
  ✓ Build approved hosted preview
  - Build complete, approved reader website
  ✓ Run actions/upload-pages-artifact@v4
  ✓ Post Run actions/setup-java@v4
  ✓ Post Run actions/setup-node@v4
  ✓ Post Run actions/setup-python@v5
  ✓ Post Run actions/checkout@v6
  ✓ Complete job
* deploy (ID 110865728091)
  ✓ Set up job
  * Publish approved website

ANNOTATIONS
! Node.js 20 is deprecated. The following actions target Node.js 20 but are being forced to run on Node.js 24: actions/configure-pages@v5, actions/setup-java@v4, actions/setup-node@v4, actions/setup-python@v5, actions/upload-artifact@ea165f8d65b6e75b540449e92b4886f43607fa02. For more information see: https://github.blog/changelog/2025-09-19-deprecation-of-node-20-on-github-actions-runners/
build: .github#2

! setup-java v4 is deprecated and will no longer receive updates. Please migrate to actions/setup-java@v5.
build: .github#22

- "The ubuntu-latest label will migrate to Ubuntu 26 beginning October 19, 2026. For more information, see https://github.com/actions/runner-images/issues/14748"
build: .github#1

✓ main Publish Kabita Live · 37015450954
Triggered via workflow_dispatch about 2 minutes ago

JOBS
✓ build in 1m37s (ID 110865103152)
  ✓ Set up job
  ✓ Run actions/checkout@v6
  ✓ Run actions/setup-python@v5
  ✓ Run actions/setup-node@v4
  ✓ Run actions/setup-java@v4
  ✓ Run actions/configure-pages@v5
  ✓ Run npm ci
  ✓ Run npm test
  ✓ Run npm run test:rules
  ✓ Build approved hosted preview
  - Build complete, approved reader website
  ✓ Run actions/upload-pages-artifact@v4
  ✓ Post Run actions/setup-java@v4
  ✓ Post Run actions/setup-node@v4
  ✓ Post Run actions/setup-python@v5
  ✓ Post Run actions/checkout@v6
  ✓ Complete job
✓ deploy in 19s (ID 110865728091)
  ✓ Set up job
  ✓ Publish approved website
  ✓ Complete job

ANNOTATIONS
! Node.js 20 is deprecated. The following actions target Node.js 20 but are being forced to run on Node.js 24: actions/configure-pages@v5, actions/setup-java@v4, actions/setup-node@v4, actions/setup-python@v5, actions/upload-artifact@ea165f8d65b6e75b540449e92b4886f43607fa02. For more information see: https://github.blog/changelog/2025-09-19-deprecation-of-node-20-on-github-actions-runners/
build: .github#2

! setup-java v4 is deprecated and will no longer receive updates. Please migrate to actions/setup-java@v5.
build: .github#22

- "The ubuntu-latest label will migrate to Ubuntu 26 beginning October 19, 2026. For more information, see https://github.com/actions/runner-images/issues/14748"
build: .github#1

! Node.js 20 is deprecated. The following actions target Node.js 20 but are being forced to run on Node.js 24: actions/deploy-pages@v4. For more information see: https://github.blog/changelog/2025-09-19-deprecation-of-node-20-on-github-actions-runners/
deploy: .github#4

- "The ubuntu-latest label will migrate to Ubuntu 26 beginning October 19, 2026. For more information, see https://github.com/actions/runner-images/issues/14748"
deploy: .github#1

