
> kabita-live-site@0.1.0 build
> npm run prepare:site && astro build && pagefind --site dist


> kabita-live-site@0.1.0 prepare:site
> python3 build.py && node tools/bundle-feedback.mjs && python3 build-public.py && node tools/build-social-images.mjs

Created 1313 linked pages.
Public-only build inputs: 1299 pages, 2037 assets. Content ready: False.
Sharing previews: 1299 pages, 642 JPEG images; portraits and artwork kept uncropped.
07:23:21 [vite] Re-optimizing dependencies because vite config has changed
07:23:21 [types] Generated 116ms
07:23:21 [build] output: "static"
07:23:21 [build] mode: "static"
07:23:21 [build] directory: /private/tmp/kbl-selective-portraits-20261003/output/kabitalive-design-proposal-2026-09-29/site/dist/
07:23:21 [build] Collecting build info...
07:23:21 [build] ✓ Completed in 136ms.
07:23:21 [build] Building static entrypoints...
07:23:21 [vite] ✓ built in 70ms
07:23:23 [vite] ✓ built in 1.48s
07:23:23 [build] Rearranging server assets...

 generating static routes 
07:23:23   ├─ /about.html (+11ms) 
07:23:23   ├─ /ahimanikya-satapathy.html (+2ms) 
07:23:23   ├─ /archive-2022.html (+3ms) 
07:23:23   ├─ /archive-2023.html (+2ms) 
07:23:23   ├─ /archive-2024.html (+8ms) 
07:23:23   ├─ /archive-2025.html (+3ms) 
07:23:23   ├─ /archive-2026.html (+2ms) 
07:23:23   ├─ /archive.html (+1ms) 
07:23:23   ├─ /contact.html (+1ms) 
07:23:23   ├─ /current-contributors.html (+1ms) 
07:23:23   ├─ /editor-paresh.html (+1ms) 
07:23:23   ├─ /editor-pradeep.html (+0ms) 
07:23:23   ├─ /editorial-team.html (+0ms) 
07:23:23   ├─ /feedback.html (+0ms) 
07:23:23   ├─ /highlight.html (+0ms) 
07:23:23   ├─ /highlights.html (+0ms) 
07:23:23   ├─ /index.html (+1ms) 
07:23:23   ├─ /issue-1.html (+1ms) 
07:23:23   ├─ /issue-10.html (+2ms) 
07:23:23   ├─ /issue-11.html (+1ms) 
07:23:23   ├─ /issue-12.html (+1ms) 
07:23:23   ├─ /issue-13.html (+1ms) 
07:23:23   ├─ /issue-14.html (+1ms) 
07:23:23   ├─ /issue-15.html (+1ms) 
07:23:23   ├─ /issue-16.html (+1ms) 
07:23:23   ├─ /issue-17.html (+1ms) 
07:23:23   ├─ /issue-18.html (+2ms) 
07:23:23   ├─ /issue-19.html (+1ms) 
07:23:23   ├─ /issue-2.html (+3ms) 
07:23:23   ├─ /issue-20.html (+1ms) 
07:23:23   ├─ /issue-21.html (+1ms) 
07:23:23   ├─ /issue-22.html (+1ms) 
07:23:23   ├─ /issue-23.html (+1ms) 
07:23:23   ├─ /issue-24.html (+1ms) 
07:23:23   ├─ /issue-25.html (+1ms) 
07:23:23   ├─ /issue-26.html (+1ms) 
07:23:23   ├─ /issue-27.html (+1ms) 
07:23:23   ├─ /issue-28.html (+1ms) 
07:23:23   ├─ /issue-29.html (+6ms) 
07:23:23   ├─ /issue-3.html (+3ms) 
07:23:23   ├─ /issue-30.html (+7ms) 
07:23:23   ├─ /issue-31.html (+1ms) 
07:23:23   ├─ /issue-32.html (+1ms) 
07:23:23   ├─ /issue-33.html (+2ms) 
07:23:23   ├─ /issue-34.html (+1ms) 
07:23:23   ├─ /issue-35.html (+2ms) 
07:23:23   ├─ /issue-36.html (+2ms) 
07:23:23   ├─ /issue-37.html (+2ms) 
07:23:23   ├─ /issue-38.html (+2ms) 
07:23:23   ├─ /issue-39.html (+3ms) 
07:23:23   ├─ /issue-4.html (+28ms) 
07:23:23   ├─ /issue-40.html (+5ms) 
07:23:23   ├─ /issue-41.html (+2ms) 
07:23:23   ├─ /issue-42.html (+3ms) 
07:23:23   ├─ /issue-43.html (+4ms) 
07:23:23   ├─ /issue-44.html (+4ms) 
07:23:23   ├─ /issue-45.html (+5ms) 
07:23:23   ├─ /issue-46.html (+4ms) 
07:23:23   ├─ /issue-47.html (+4ms) 
07:23:23   ├─ /issue-5.html (+3ms) 
07:23:23   ├─ /issue-6.html (+6ms) 
07:23:23   ├─ /issue-7.html (+10ms) 
07:23:23   ├─ /issue-8.html (+7ms) 
07:23:23   ├─ /issue-9.html (+4ms) 
07:23:23   ├─ /not-found.html (+8ms) 
07:23:23   ├─ /poem-10.html (+6ms) 
07:23:23   ├─ /poem-100.html (+11ms) 
07:23:23   ├─ /poem-101.html (+6ms) 
07:23:23   ├─ /poem-102.html (+1ms) 
07:23:23   ├─ /poem-103.html (+1ms) 
07:23:23   ├─ /poem-104.html (+1ms) 
07:23:23   ├─ /poem-105.html (+2ms) 
07:23:23   ├─ /poem-106.html (+5ms) 
07:23:23   ├─ /poem-107.html (+5ms) 
07:23:23   ├─ /poem-108.html (+1ms) 
07:23:23   ├─ /poem-109.html (+1ms) 
07:23:23   ├─ /poem-11.html (+1ms) 
07:23:23   ├─ /poem-110.html (+1ms) 
07:23:23   ├─ /poem-111.html (+3ms) 
07:23:23   ├─ /poem-112.html (+3ms) 
07:23:23   ├─ /poem-113.html (+4ms) 
07:23:23   ├─ /poem-114.html (+2ms) 
07:23:23   ├─ /poem-115.html (+3ms) 
07:23:23   ├─ /poem-116.html (+1ms) 
07:23:23   ├─ /poem-117.html (+1ms) 
07:23:23   ├─ /poem-118.html (+1ms) 
07:23:23   ├─ /poem-119.html (+3ms) 
07:23:23   ├─ /poem-120.html (+1ms) 
07:23:23   ├─ /poem-121.html (+1ms) 
07:23:23   ├─ /poem-123.html (+1ms) 
07:23:23   ├─ /poem-124.html (+1ms) 
07:23:23   ├─ /poem-125.html (+1ms) 
07:23:23   ├─ /poem-126.html (+1ms) 
07:23:23   ├─ /poem-127.html (+1ms) 
07:23:23   ├─ /poem-128.html (+1ms) 
07:23:23   ├─ /poem-129.html (+1ms) 
07:23:23   ├─ /poem-13.html (+1ms) 
07:23:23   ├─ /poem-130.html (+1ms) 
07:23:23   ├─ /poem-131.html (+1ms) 
07:23:23   ├─ /poem-132.html (+1ms) 
07:23:23   ├─ /poem-133.html (+1ms) 
07:23:23   ├─ /poem-134.html (+1ms) 
07:23:23   ├─ /poem-135.html (+1ms) 
07:23:23   ├─ /poem-136.html (+1ms) 
07:23:23   ├─ /poem-137.html (+1ms) 
07:23:23   ├─ /poem-138.html (+0ms) 
07:23:23   ├─ /poem-139.html (+1ms) 
07:23:23   ├─ /poem-14.html (+1ms) 
07:23:23   ├─ /poem-140.html (+1ms) 
07:23:23   ├─ /poem-141.html (+2ms) 
07:23:23   ├─ /poem-142.html (+1ms) 
07:23:23   ├─ /poem-143.html (+1ms) 
07:23:23   ├─ /poem-144.html (+1ms) 
07:23:23   ├─ /poem-145.html (+1ms) 
07:23:23   ├─ /poem-146.html (+1ms) 
07:23:23   ├─ /poem-147.html (+1ms) 
07:23:23   ├─ /poem-148.html (+1ms) 
07:23:23   ├─ /poem-149.html (+1ms) 
07:23:23   ├─ /poem-15.html (+1ms) 
07:23:23   ├─ /poem-150.html (+1ms) 
07:23:23   ├─ /poem-151.html (+1ms) 
07:23:23   ├─ /poem-152.html (+1ms) 
07:23:23   ├─ /poem-153.html (+1ms) 
07:23:23   ├─ /poem-154.html (+1ms) 
07:23:23   ├─ /poem-155.html (+1ms) 
07:23:23   ├─ /poem-156.html (+1ms) 
07:23:23   ├─ /poem-157.html (+1ms) 
07:23:23   ├─ /poem-158.html (+1ms) 
07:23:23   ├─ /poem-159.html (+2ms) 
07:23:23   ├─ /poem-16.html (+1ms) 
07:23:23   ├─ /poem-160.html (+1ms) 
07:23:23   ├─ /poem-161.html (+1ms) 
07:23:23   ├─ /poem-162.html (+1ms) 
07:23:23   ├─ /poem-163.html (+1ms) 
07:23:23   ├─ /poem-164.html (+1ms) 
07:23:23   ├─ /poem-165.html (+1ms) 
07:23:23   ├─ /poem-166.html (+1ms) 
07:23:23   ├─ /poem-167.html (+1ms) 
07:23:23   ├─ /poem-168.html (+1ms) 
07:23:23   ├─ /poem-169.html (+3ms) 
07:23:23   ├─ /poem-17.html (+1ms) 
07:23:23   ├─ /poem-170.html (+1ms) 
07:23:23   ├─ /poem-171.html (+1ms) 
07:23:23   ├─ /poem-172.html (+2ms) 
07:23:23   ├─ /poem-173.html (+2ms) 
07:23:23   ├─ /poem-174.html (+1ms) 
07:23:23   ├─ /poem-175.html (+1ms) 
07:23:23   ├─ /poem-176.html (+1ms) 
07:23:23   ├─ /poem-177.html (+7ms) 
07:23:23   ├─ /poem-178.html (+7ms) 
07:23:23   ├─ /poem-179.html (+3ms) 
07:23:23   ├─ /poem-18.html (+12ms) 
07:23:23   ├─ /poem-180.html (+2ms) 
07:23:23   ├─ /poem-181.html (+1ms) 
07:23:23   ├─ /poem-182.html (+1ms) 
07:23:23   ├─ /poem-183.html (+1ms) 
07:23:23   ├─ /poem-184.html (+1ms) 
07:23:23   ├─ /poem-185.html (+3ms) 
07:23:23   ├─ /poem-186.html (+2ms) 
07:23:23   ├─ /poem-187.html (+2ms) 
07:23:23   ├─ /poem-188.html (+1ms) 
07:23:23   ├─ /poem-189.html (+4ms) 
07:23:23   ├─ /poem-19.html (+3ms) 
07:23:23   ├─ /poem-190.html (+2ms) 
07:23:23   ├─ /poem-191.html (+1ms) 
07:23:23   ├─ /poem-192.html (+2ms) 
07:23:23   ├─ /poem-193.html (+2ms) 
07:23:23   ├─ /poem-195.html (+1ms) 
07:23:23   ├─ /poem-196.html (+2ms) 
07:23:23   ├─ /poem-197.html (+2ms) 
07:23:23   ├─ /poem-198.html (+2ms) 
07:23:23   ├─ /poem-199.html (+2ms) 
07:23:23   ├─ /poem-20.html (+2ms) 
07:23:23   ├─ /poem-200.html (+1ms) 
07:23:23   ├─ /poem-201.html (+2ms) 
07:23:23   ├─ /poem-202.html (+2ms) 
07:23:23   ├─ /poem-203.html (+2ms) 
07:23:23   ├─ /poem-204.html (+1ms) 
07:23:23   ├─ /poem-205.html (+2ms) 
07:23:23   ├─ /poem-206.html (+2ms) 
07:23:23   ├─ /poem-207.html (+2ms) 
07:23:23   ├─ /poem-208.html (+2ms) 
07:23:23   ├─ /poem-209.html (+2ms) 
07:23:23   ├─ /poem-21.html (+2ms) 
07:23:23   ├─ /poem-210.html (+2ms) 
07:23:23   ├─ /poem-211.html (+1ms) 
07:23:23   ├─ /poem-214.html (+1ms) 
07:23:23   ├─ /poem-215.html (+1ms) 
07:23:23   ├─ /poem-216.html (+1ms) 
07:23:23   ├─ /poem-217.html (+1ms) 
07:23:23   ├─ /poem-218.html (+1ms) 
07:23:23   ├─ /poem-219.html (+1ms) 
07:23:23   ├─ /poem-22.html (+1ms) 
07:23:23   ├─ /poem-220.html (+1ms) 
07:23:23   ├─ /poem-221.html (+2ms) 
07:23:23   ├─ /poem-222.html (+2ms) 
07:23:23   ├─ /poem-223.html (+2ms) 
07:23:23   ├─ /poem-224.html (+2ms) 
07:23:23   ├─ /poem-225.html (+1ms) 
07:23:23   ├─ /poem-226.html (+1ms) 
07:23:23   ├─ /poem-227.html (+2ms) 
07:23:23   ├─ /poem-228.html (+2ms) 
07:23:23   ├─ /poem-229.html (+2ms) 
07:23:23   ├─ /poem-23.html (+13ms) 
07:23:23   ├─ /poem-230.html (+3ms) 
07:23:23   ├─ /poem-231.html (+4ms) 
07:23:23   ├─ /poem-232.html (+3ms) 
07:23:23   ├─ /poem-233.html (+2ms) 
07:23:23   ├─ /poem-234.html (+2ms) 
07:23:23   ├─ /poem-235.html (+3ms) 
07:23:23   ├─ /poem-236.html (+2ms) 
07:23:23   ├─ /poem-237.html (+100ms) 
07:23:23   ├─ /poem-238.html (+11ms) 
07:23:23   ├─ /poem-239.html (+4ms) 
07:23:23   ├─ /poem-24.html (+2ms) 
07:23:23   ├─ /poem-240.html (+2ms) 
07:23:23   ├─ /poem-241.html (+2ms) 
07:23:23   ├─ /poem-242.html (+3ms) 
07:23:23   ├─ /poem-243.html (+3ms) 
07:23:23   ├─ /poem-244.html (+7ms) 
07:23:23   ├─ /poem-245.html (+2ms) 
07:23:23   ├─ /poem-246.html (+3ms) 
07:23:23   ├─ /poem-247.html (+4ms) 
07:23:23   ├─ /poem-248.html (+2ms) 
07:23:23   ├─ /poem-249.html (+3ms) 
07:23:23   ├─ /poem-25.html (+2ms) 
07:23:23   ├─ /poem-250.html (+2ms) 
07:23:23   ├─ /poem-251.html (+3ms) 
07:23:23   ├─ /poem-252.html (+2ms) 
07:23:23   ├─ /poem-253.html (+2ms) 
07:23:23   ├─ /poem-254.html (+1ms) 
07:23:23   ├─ /poem-256.html (+1ms) 
07:23:23   ├─ /poem-257.html (+3ms) 
07:23:23   ├─ /poem-258.html (+2ms) 
07:23:23   ├─ /poem-259.html (+2ms) 
07:23:23   ├─ /poem-26.html (+1ms) 
07:23:23   ├─ /poem-260.html (+2ms) 
07:23:23   ├─ /poem-261.html (+2ms) 
07:23:23   ├─ /poem-262.html (+2ms) 
07:23:23   ├─ /poem-263.html (+3ms) 
07:23:23   ├─ /poem-264.html (+4ms) 
07:23:23   ├─ /poem-265.html (+3ms) 
07:23:23   ├─ /poem-266.html (+3ms) 
07:23:23   ├─ /poem-267.html (+2ms) 
07:23:23   ├─ /poem-268.html (+3ms) 
07:23:23   ├─ /poem-269.html (+3ms) 
07:23:23   ├─ /poem-27.html (+2ms) 
07:23:24   ├─ /poem-270.html (+1ms) 
07:23:24   ├─ /poem-271.html (+1ms) 
07:23:24   ├─ /poem-272.html (+1ms) 
07:23:24   ├─ /poem-273.html (+2ms) 
07:23:24   ├─ /poem-274.html (+1ms) 
07:23:24   ├─ /poem-275.html (+1ms) 
07:23:24   ├─ /poem-276.html (+1ms) 
07:23:24   ├─ /poem-277.html (+1ms) 
07:23:24   ├─ /poem-278.html (+1ms) 
07:23:24   ├─ /poem-279.html (+1ms) 
07:23:24   ├─ /poem-28.html (+1ms) 
07:23:24   ├─ /poem-280.html (+1ms) 
07:23:24   ├─ /poem-281.html (+1ms) 
07:23:24   ├─ /poem-282.html (+1ms) 
07:23:24   ├─ /poem-283.html (+1ms) 
07:23:24   ├─ /poem-284.html (+2ms) 
07:23:24   ├─ /poem-285.html (+1ms) 
07:23:24   ├─ /poem-288.html (+0ms) 
07:23:24   ├─ /poem-289.html (+0ms) 
07:23:24   ├─ /poem-29.html (+1ms) 
07:23:24   ├─ /poem-290.html (+1ms) 
07:23:24   ├─ /poem-291.html (+0ms) 
07:23:24   ├─ /poem-292.html (+0ms) 
07:23:24   ├─ /poem-293.html (+0ms) 
07:23:24   ├─ /poem-294.html (+1ms) 
07:23:24   ├─ /poem-295.html (+0ms) 
07:23:24   ├─ /poem-296.html (+1ms) 
07:23:24   ├─ /poem-297.html (+1ms) 
07:23:24   ├─ /poem-298.html (+1ms) 
07:23:24   ├─ /poem-299.html (+0ms) 
07:23:24   ├─ /poem-30.html (+0ms) 
07:23:24   ├─ /poem-300.html (+0ms) 
07:23:24   ├─ /poem-301.html (+0ms) 
07:23:24   ├─ /poem-302.html (+0ms) 
07:23:24   ├─ /poem-303.html (+0ms) 
07:23:24   ├─ /poem-304.html (+1ms) 
07:23:24   ├─ /poem-305.html (+1ms) 
07:23:24   ├─ /poem-306.html (+0ms) 
07:23:24   ├─ /poem-307.html (+0ms) 
07:23:24   ├─ /poem-308.html (+0ms) 
07:23:24   ├─ /poem-309.html (+0ms) 
07:23:24   ├─ /poem-31.html (+2ms) 
07:23:24   ├─ /poem-310.html (+1ms) 
07:23:24   ├─ /poem-311.html (+1ms) 
07:23:24   ├─ /poem-312.html (+1ms) 
07:23:24   ├─ /poem-313.html (+1ms) 
07:23:24   ├─ /poem-314.html (+0ms) 
07:23:24   ├─ /poem-315.html (+0ms) 
07:23:24   ├─ /poem-316.html (+0ms) 
07:23:24   ├─ /poem-317.html (+1ms) 
07:23:24   ├─ /poem-318.html (+1ms) 
07:23:24   ├─ /poem-319.html (+0ms) 
07:23:24   ├─ /poem-32.html (+1ms) 
07:23:24   ├─ /poem-320.html (+2ms) 
07:23:24   ├─ /poem-321.html (+1ms) 
07:23:24   ├─ /poem-322.html (+1ms) 
07:23:24   ├─ /poem-323.html (+2ms) 
07:23:24   ├─ /poem-324.html (+2ms) 
07:23:24   ├─ /poem-325.html (+1ms) 
07:23:24   ├─ /poem-326.html (+1ms) 
07:23:24   ├─ /poem-327.html (+3ms) 
07:23:24   ├─ /poem-328.html (+2ms) 
07:23:24   ├─ /poem-329.html (+1ms) 
07:23:24   ├─ /poem-33.html (+1ms) 
07:23:24   ├─ /poem-330.html (+1ms) 
07:23:24   ├─ /poem-331.html (+1ms) 
07:23:24   ├─ /poem-332.html (+2ms) 
07:23:24   ├─ /poem-333.html (+1ms) 
07:23:24   ├─ /poem-334.html (+1ms) 
07:23:24   ├─ /poem-335.html (+1ms) 
07:23:24   ├─ /poem-336.html (+1ms) 
07:23:24   ├─ /poem-337.html (+3ms) 
07:23:24   ├─ /poem-338.html (+2ms) 
07:23:24   ├─ /poem-339.html (+2ms) 
07:23:24   ├─ /poem-34.html (+2ms) 
07:23:24   ├─ /poem-340.html (+2ms) 
07:23:24   ├─ /poem-341.html (+3ms) 
07:23:24   ├─ /poem-342.html (+1ms) 
07:23:24   ├─ /poem-343.html (+1ms) 
07:23:24   ├─ /poem-344.html (+2ms) 
07:23:24   ├─ /poem-345.html (+2ms) 
07:23:24   ├─ /poem-346.html (+2ms) 
07:23:24   ├─ /poem-347.html (+1ms) 
07:23:24   ├─ /poem-349.html (+1ms) 
07:23:24   ├─ /poem-35.html (+1ms) 
07:23:24   ├─ /poem-350.html (+3ms) 
07:23:24   ├─ /poem-351.html (+1ms) 
07:23:24   ├─ /poem-352.html (+2ms) 
07:23:24   ├─ /poem-353.html (+1ms) 
07:23:24   ├─ /poem-354.html (+1ms) 
07:23:24   ├─ /poem-355.html (+2ms) 
07:23:24   ├─ /poem-356.html (+1ms) 
07:23:24   ├─ /poem-357.html (+1ms) 
07:23:24   ├─ /poem-358.html (+1ms) 
07:23:24   ├─ /poem-359.html (+1ms) 
07:23:24   ├─ /poem-36.html (+1ms) 
07:23:24   ├─ /poem-360.html (+0ms) 
07:23:24   ├─ /poem-361.html (+1ms) 
07:23:24   ├─ /poem-362.html (+0ms) 
07:23:24   ├─ /poem-363.html (+1ms) 
07:23:24   ├─ /poem-364.html (+1ms) 
07:23:24   ├─ /poem-365.html (+1ms) 
07:23:24   ├─ /poem-366.html (+1ms) 
07:23:24   ├─ /poem-367.html (+1ms) 
07:23:24   ├─ /poem-368.html (+1ms) 
07:23:24   ├─ /poem-369.html (+1ms) 
07:23:24   ├─ /poem-37.html (+1ms) 
07:23:24   ├─ /poem-370.html (+1ms) 
07:23:24   ├─ /poem-371.html (+1ms) 
07:23:24   ├─ /poem-372.html (+0ms) 
07:23:24   ├─ /poem-373.html (+1ms) 
07:23:24   ├─ /poem-374.html (+1ms) 
07:23:24   ├─ /poem-375.html (+1ms) 
07:23:24   ├─ /poem-376.html (+0ms) 
07:23:24   ├─ /poem-377.html (+1ms) 
07:23:24   ├─ /poem-378.html (+2ms) 
07:23:24   ├─ /poem-379.html (+2ms) 
07:23:24   ├─ /poem-38.html (+1ms) 
07:23:24   ├─ /poem-380.html (+1ms) 
07:23:24   ├─ /poem-381.html (+0ms) 
07:23:24   ├─ /poem-382.html (+1ms) 
07:23:24   ├─ /poem-383.html (+0ms) 
07:23:24   ├─ /poem-384.html (+1ms) 
07:23:24   ├─ /poem-385.html (+1ms) 
07:23:24   ├─ /poem-386.html (+1ms) 
07:23:24   ├─ /poem-387.html (+1ms) 
07:23:24   ├─ /poem-388.html (+1ms) 
07:23:24   ├─ /poem-389.html (+1ms) 
07:23:24   ├─ /poem-39.html (+1ms) 
07:23:24   ├─ /poem-390.html (+1ms) 
07:23:24   ├─ /poem-391.html (+0ms) 
07:23:24   ├─ /poem-392.html (+0ms) 
07:23:24   ├─ /poem-393.html (+1ms) 
07:23:24   ├─ /poem-394.html (+1ms) 
07:23:24   ├─ /poem-395.html (+1ms) 
07:23:24   ├─ /poem-396.html (+1ms) 
07:23:24   ├─ /poem-397.html (+1ms) 
07:23:24   ├─ /poem-398.html (+2ms) 
07:23:24   ├─ /poem-399.html (+1ms) 
07:23:24   ├─ /poem-40.html (+1ms) 
07:23:24   ├─ /poem-400.html (+1ms) 
07:23:24   ├─ /poem-401.html (+1ms) 
07:23:24   ├─ /poem-402.html (+1ms) 
07:23:24   ├─ /poem-403.html (+0ms) 
07:23:24   ├─ /poem-404.html (+0ms) 
07:23:24   ├─ /poem-405.html (+1ms) 
07:23:24   ├─ /poem-406.html (+1ms) 
07:23:24   ├─ /poem-407.html (+1ms) 
07:23:24   ├─ /poem-408.html (+1ms) 
07:23:24   ├─ /poem-409.html (+1ms) 
07:23:24   ├─ /poem-41.html (+1ms) 
07:23:24   ├─ /poem-410.html (+1ms) 
07:23:24   ├─ /poem-411.html (+1ms) 
07:23:24   ├─ /poem-412.html (+1ms) 
07:23:24   ├─ /poem-414.html (+0ms) 
07:23:24   ├─ /poem-415.html (+1ms) 
07:23:24   ├─ /poem-416.html (+1ms) 
07:23:24   ├─ /poem-417.html (+1ms) 
07:23:24   ├─ /poem-418.html (+1ms) 
07:23:24   ├─ /poem-419.html (+1ms) 
07:23:24   ├─ /poem-42.html (+1ms) 
07:23:24   ├─ /poem-420.html (+1ms) 
07:23:24   ├─ /poem-421.html (+1ms) 
07:23:24   ├─ /poem-422.html (+2ms) 
07:23:24   ├─ /poem-423.html (+1ms) 
07:23:24   ├─ /poem-424.html (+1ms) 
07:23:24   ├─ /poem-425.html (+2ms) 
07:23:24   ├─ /poem-426.html (+1ms) 
07:23:24   ├─ /poem-427.html (+1ms) 
07:23:24   ├─ /poem-428.html (+1ms) 
07:23:24   ├─ /poem-429.html (+1ms) 
07:23:24   ├─ /poem-43.html (+1ms) 
07:23:24   ├─ /poem-430.html (+1ms) 
07:23:24   ├─ /poem-431.html (+1ms) 
07:23:24   ├─ /poem-432.html (+0ms) 
07:23:24   ├─ /poem-433.html (+0ms) 
07:23:24   ├─ /poem-434.html (+1ms) 
07:23:24   ├─ /poem-435.html (+0ms) 
07:23:24   ├─ /poem-436.html (+1ms) 
07:23:24   ├─ /poem-437.html (+0ms) 
07:23:24   ├─ /poem-438.html (+1ms) 
07:23:24   ├─ /poem-439.html (+1ms) 
07:23:24   ├─ /poem-44.html (+1ms) 
07:23:24   ├─ /poem-440.html (+1ms) 
07:23:24   ├─ /poem-441.html (+1ms) 
07:23:24   ├─ /poem-442.html (+1ms) 
07:23:24   ├─ /poem-443.html (+1ms) 
07:23:24   ├─ /poem-444.html (+0ms) 
07:23:24   ├─ /poem-445.html (+0ms) 
07:23:24   ├─ /poem-446.html (+0ms) 
07:23:24   ├─ /poem-447.html (+0ms) 
07:23:24   ├─ /poem-448.html (+0ms) 
07:23:24   ├─ /poem-449.html (+0ms) 
07:23:24   ├─ /poem-450.html (+1ms) 
07:23:24   ├─ /poem-451.html (+1ms) 
07:23:24   ├─ /poem-452.html (+1ms) 
07:23:24   ├─ /poem-453.html (+1ms) 
07:23:24   ├─ /poem-454.html (+1ms) 
07:23:24   ├─ /poem-455.html (+1ms) 
07:23:24   ├─ /poem-456.html (+1ms) 
07:23:24   ├─ /poem-457.html (+0ms) 
07:23:24   ├─ /poem-458.html (+1ms) 
07:23:24   ├─ /poem-459.html (+0ms) 
07:23:24   ├─ /poem-46.html (+1ms) 
07:23:24   ├─ /poem-460.html (+0ms) 
07:23:24   ├─ /poem-461.html (+1ms) 
07:23:24   ├─ /poem-462.html (+1ms) 
07:23:24   ├─ /poem-463.html (+1ms) 
07:23:24   ├─ /poem-464.html (+1ms) 
07:23:24   ├─ /poem-465.html (+0ms) 
07:23:24   ├─ /poem-466.html (+1ms) 
07:23:24   ├─ /poem-467.html (+1ms) 
07:23:24   ├─ /poem-468.html (+1ms) 
07:23:24   ├─ /poem-469.html (+1ms) 
07:23:24   ├─ /poem-47.html (+0ms) 
07:23:24   ├─ /poem-470.html (+1ms) 
07:23:24   ├─ /poem-471.html (+0ms) 
07:23:24   ├─ /poem-472.html (+2ms) 
07:23:24   ├─ /poem-473.html (+5ms) 
07:23:24   ├─ /poem-474.html (+3ms) 
07:23:24   ├─ /poem-475.html (+2ms) 
07:23:24   ├─ /poem-476.html (+1ms) 
07:23:24   ├─ /poem-477.html (+1ms) 
07:23:24   ├─ /poem-478.html (+1ms) 
07:23:24   ├─ /poem-479.html (+1ms) 
07:23:24   ├─ /poem-48.html (+1ms) 
07:23:24   ├─ /poem-480.html (+1ms) 
07:23:24   ├─ /poem-481.html (+1ms) 
07:23:24   ├─ /poem-482.html (+1ms) 
07:23:24   ├─ /poem-483.html (+1ms) 
07:23:24   ├─ /poem-484.html (+1ms) 
07:23:24   ├─ /poem-485.html (+1ms) 
07:23:24   ├─ /poem-486.html (+0ms) 
07:23:24   ├─ /poem-487.html (+1ms) 
07:23:24   ├─ /poem-488.html (+1ms) 
07:23:24   ├─ /poem-489.html (+1ms) 
07:23:24   ├─ /poem-49.html (+1ms) 
07:23:24   ├─ /poem-490.html (+2ms) 
07:23:24   ├─ /poem-491.html (+0ms) 
07:23:24   ├─ /poem-492.html (+0ms) 
07:23:24   ├─ /poem-493.html (+1ms) 
07:23:24   ├─ /poem-494.html (+1ms) 
07:23:24   ├─ /poem-495.html (+1ms) 
07:23:24   ├─ /poem-496.html (+1ms) 
07:23:24   ├─ /poem-497.html (+1ms) 
07:23:24   ├─ /poem-498.html (+1ms) 
07:23:24   ├─ /poem-499.html (+1ms) 
07:23:24   ├─ /poem-50.html (+1ms) 
07:23:24   ├─ /poem-500.html (+1ms) 
07:23:24   ├─ /poem-501.html (+1ms) 
07:23:24   ├─ /poem-502.html (+1ms) 
07:23:24   ├─ /poem-503.html (+1ms) 
07:23:24   ├─ /poem-504.html (+1ms) 
07:23:24   ├─ /poem-505.html (+1ms) 
07:23:24   ├─ /poem-506.html (+1ms) 
07:23:24   ├─ /poem-507.html (+1ms) 
07:23:24   ├─ /poem-508.html (+1ms) 
07:23:24   ├─ /poem-509.html (+1ms) 
07:23:24   ├─ /poem-51.html (+1ms) 
07:23:24   ├─ /poem-510.html (+0ms) 
07:23:24   ├─ /poem-511.html (+1ms) 
07:23:24   ├─ /poem-512.html (+0ms) 
07:23:24   ├─ /poem-513.html (+1ms) 
07:23:24   ├─ /poem-514.html (+2ms) 
07:23:24   ├─ /poem-515.html (+2ms) 
07:23:24   ├─ /poem-516.html (+2ms) 
07:23:24   ├─ /poem-517.html (+1ms) 
07:23:24   ├─ /poem-518.html (+1ms) 
07:23:24   ├─ /poem-519.html (+1ms) 
07:23:24   ├─ /poem-52.html (+1ms) 
07:23:24   ├─ /poem-520.html (+1ms) 
07:23:24   ├─ /poem-521.html (+1ms) 
07:23:24   ├─ /poem-522.html (+1ms) 
07:23:24   ├─ /poem-523.html (+1ms) 
07:23:24   ├─ /poem-524.html (+1ms) 
07:23:24   ├─ /poem-525.html (+1ms) 
07:23:24   ├─ /poem-526.html (+1ms) 
07:23:24   ├─ /poem-527.html (+1ms) 
07:23:24   ├─ /poem-528.html (+0ms) 
07:23:24   ├─ /poem-529.html (+0ms) 
07:23:24   ├─ /poem-53.html (+1ms) 
07:23:24   ├─ /poem-530.html (+0ms) 
07:23:24   ├─ /poem-531.html (+1ms) 
07:23:24   ├─ /poem-532.html (+0ms) 
07:23:24   ├─ /poem-533.html (+0ms) 
07:23:24   ├─ /poem-534.html (+1ms) 
07:23:24   ├─ /poem-535.html (+0ms) 
07:23:24   ├─ /poem-536.html (+0ms) 
07:23:24   ├─ /poem-537.html (+0ms) 
07:23:24   ├─ /poem-538.html (+0ms) 
07:23:24   ├─ /poem-539.html (+1ms) 
07:23:24   ├─ /poem-540.html (+0ms) 
07:23:24   ├─ /poem-541.html (+1ms) 
07:23:24   ├─ /poem-542.html (+0ms) 
07:23:24   ├─ /poem-543.html (+0ms) 
07:23:24   ├─ /poem-544.html (+0ms) 
07:23:24   ├─ /poem-545.html (+0ms) 
07:23:24   ├─ /poem-546.html (+0ms) 
07:23:24   ├─ /poem-547.html (+0ms) 
07:23:24   ├─ /poem-548.html (+0ms) 
07:23:24   ├─ /poem-549.html (+1ms) 
07:23:24   ├─ /poem-55.html (+1ms) 
07:23:24   ├─ /poem-550.html (+1ms) 
07:23:24   ├─ /poem-551.html (+1ms) 
07:23:24   ├─ /poem-552.html (+1ms) 
07:23:24   ├─ /poem-553.html (+0ms) 
07:23:24   ├─ /poem-554.html (+1ms) 
07:23:24   ├─ /poem-555.html (+1ms) 
07:23:24   ├─ /poem-556.html (+2ms) 
07:23:24   ├─ /poem-557.html (+0ms) 
07:23:24   ├─ /poem-558.html (+0ms) 
07:23:24   ├─ /poem-559.html (+0ms) 
07:23:24   ├─ /poem-56.html (+0ms) 
07:23:24   ├─ /poem-560.html (+1ms) 
07:23:24   ├─ /poem-561.html (+1ms) 
07:23:24   ├─ /poem-562.html (+1ms) 
07:23:24   ├─ /poem-563.html (+1ms) 
07:23:24   ├─ /poem-564.html (+1ms) 
07:23:24   ├─ /poem-565.html (+0ms) 
07:23:24   ├─ /poem-566.html (+0ms) 
07:23:24   ├─ /poem-567.html (+0ms) 
07:23:24   ├─ /poem-568.html (+1ms) 
07:23:24   ├─ /poem-569.html (+0ms) 
07:23:24   ├─ /poem-57.html (+0ms) 
07:23:24   ├─ /poem-570.html (+1ms) 
07:23:24   ├─ /poem-571.html (+0ms) 
07:23:24   ├─ /poem-572.html (+0ms) 
07:23:24   ├─ /poem-573.html (+2ms) 
07:23:24   ├─ /poem-574.html (+0ms) 
07:23:24   ├─ /poem-575.html (+0ms) 
07:23:24   ├─ /poem-576.html (+1ms) 
07:23:24   ├─ /poem-577.html (+1ms) 
07:23:24   ├─ /poem-578.html (+1ms) 
07:23:24   ├─ /poem-579.html (+1ms) 
07:23:24   ├─ /poem-58.html (+0ms) 
07:23:24   ├─ /poem-580.html (+0ms) 
07:23:24   ├─ /poem-581.html (+0ms) 
07:23:24   ├─ /poem-582.html (+0ms) 
07:23:24   ├─ /poem-583.html (+1ms) 
07:23:24   ├─ /poem-584.html (+0ms) 
07:23:24   ├─ /poem-585.html (+0ms) 
07:23:24   ├─ /poem-586.html (+0ms) 
07:23:24   ├─ /poem-587.html (+0ms) 
07:23:24   ├─ /poem-588.html (+1ms) 
07:23:24   ├─ /poem-589.html (+1ms) 
07:23:24   ├─ /poem-59.html (+1ms) 
07:23:24   ├─ /poem-590.html (+1ms) 
07:23:24   ├─ /poem-591.html (+0ms) 
07:23:24   ├─ /poem-592.html (+0ms) 
07:23:24   ├─ /poem-593.html (+0ms) 
07:23:24   ├─ /poem-594.html (+0ms) 
07:23:24   ├─ /poem-595.html (+0ms) 
07:23:24   ├─ /poem-596.html (+0ms) 
07:23:24   ├─ /poem-597.html (+0ms) 
07:23:24   ├─ /poem-598.html (+0ms) 
07:23:24   ├─ /poem-599.html (+0ms) 
07:23:24   ├─ /poem-60.html (+0ms) 
07:23:24   ├─ /poem-600.html (+0ms) 
07:23:24   ├─ /poem-602.html (+1ms) 
07:23:24   ├─ /poem-603.html (+1ms) 
07:23:24   ├─ /poem-604.html (+1ms) 
07:23:24   ├─ /poem-605.html (+1ms) 
07:23:24   ├─ /poem-606.html (+1ms) 
07:23:24   ├─ /poem-607.html (+0ms) 
07:23:24   ├─ /poem-608.html (+0ms) 
07:23:24   ├─ /poem-609.html (+1ms) 
07:23:24   ├─ /poem-61.html (+0ms) 
07:23:24   ├─ /poem-610.html (+0ms) 
07:23:24   ├─ /poem-611.html (+0ms) 
07:23:24   ├─ /poem-612.html (+0ms) 
07:23:24   ├─ /poem-613.html (+0ms) 
07:23:24   ├─ /poem-614.html (+0ms) 
07:23:24   ├─ /poem-615.html (+0ms) 
07:23:24   ├─ /poem-616.html (+0ms) 
07:23:24   ├─ /poem-617.html (+1ms) 
07:23:24   ├─ /poem-618.html (+1ms) 
07:23:24   ├─ /poem-619.html (+1ms) 
07:23:24   ├─ /poem-62.html (+1ms) 
07:23:24   ├─ /poem-620.html (+0ms) 
07:23:24   ├─ /poem-621.html (+0ms) 
07:23:24   ├─ /poem-622.html (+1ms) 
07:23:24   ├─ /poem-623.html (+0ms) 
07:23:24   ├─ /poem-624.html (+0ms) 
07:23:24   ├─ /poem-625.html (+0ms) 
07:23:24   ├─ /poem-626.html (+0ms) 
07:23:24   ├─ /poem-627.html (+0ms) 
07:23:24   ├─ /poem-628.html (+1ms) 
07:23:24   ├─ /poem-629.html (+0ms) 
07:23:24   ├─ /poem-63.html (+0ms) 
07:23:24   ├─ /poem-630.html (+0ms) 
07:23:24   ├─ /poem-631.html (+1ms) 
07:23:24   ├─ /poem-632.html (+0ms) 
07:23:24   ├─ /poem-633.html (+1ms) 
07:23:24   ├─ /poem-634.html (+1ms) 
07:23:24   ├─ /poem-635.html (+0ms) 
07:23:24   ├─ /poem-636.html (+0ms) 
07:23:24   ├─ /poem-637.html (+0ms) 
07:23:24   ├─ /poem-638.html (+1ms) 
07:23:24   ├─ /poem-639.html (+0ms) 
07:23:24   ├─ /poem-64.html (+1ms) 
07:23:24   ├─ /poem-640.html (+0ms) 
07:23:24   ├─ /poem-641.html (+0ms) 
07:23:24   ├─ /poem-642.html (+0ms) 
07:23:24   ├─ /poem-643.html (+0ms) 
07:23:24   ├─ /poem-644.html (+0ms) 
07:23:24   ├─ /poem-645.html (+0ms) 
07:23:24   ├─ /poem-646.html (+1ms) 
07:23:24   ├─ /poem-647.html (+1ms) 
07:23:24   ├─ /poem-648.html (+1ms) 
07:23:24   ├─ /poem-649.html (+1ms) 
07:23:24   ├─ /poem-65.html (+1ms) 
07:23:24   ├─ /poem-650.html (+0ms) 
07:23:24   ├─ /poem-651.html (+2ms) 
07:23:24   ├─ /poem-652.html (+1ms) 
07:23:24   ├─ /poem-653.html (+1ms) 
07:23:24   ├─ /poem-654.html (+0ms) 
07:23:24   ├─ /poem-655.html (+0ms) 
07:23:24   ├─ /poem-656.html (+1ms) 
07:23:24   ├─ /poem-657.html (+1ms) 
07:23:24   ├─ /poem-658.html (+1ms) 
07:23:24   ├─ /poem-659.html (+1ms) 
07:23:24   ├─ /poem-66.html (+0ms) 
07:23:24   ├─ /poem-660.html (+0ms) 
07:23:24   ├─ /poem-661.html (+0ms) 
07:23:24   ├─ /poem-662.html (+0ms) 
07:23:24   ├─ /poem-663.html (+0ms) 
07:23:24   ├─ /poem-664.html (+0ms) 
07:23:24   ├─ /poem-665.html (+0ms) 
07:23:24   ├─ /poem-666.html (+0ms) 
07:23:24   ├─ /poem-667.html (+0ms) 
07:23:24   ├─ /poem-668.html (+0ms) 
07:23:24   ├─ /poem-669.html (+1ms) 
07:23:24   ├─ /poem-67.html (+0ms) 
07:23:24   ├─ /poem-670.html (+1ms) 
07:23:24   ├─ /poem-671.html (+1ms) 
07:23:24   ├─ /poem-672.html (+1ms) 
07:23:24   ├─ /poem-673.html (+1ms) 
07:23:24   ├─ /poem-674.html (+1ms) 
07:23:24   ├─ /poem-677.html (+0ms) 
07:23:24   ├─ /poem-678.html (+0ms) 
07:23:24   ├─ /poem-679.html (+0ms) 
07:23:24   ├─ /poem-68.html (+0ms) 
07:23:24   ├─ /poem-680.html (+0ms) 
07:23:24   ├─ /poem-681.html (+0ms) 
07:23:24   ├─ /poem-682.html (+0ms) 
07:23:24   ├─ /poem-683.html (+0ms) 
07:23:24   ├─ /poem-684.html (+0ms) 
07:23:24   ├─ /poem-685.html (+0ms) 
07:23:24   ├─ /poem-686.html (+0ms) 
07:23:24   ├─ /poem-687.html (+1ms) 
07:23:24   ├─ /poem-688.html (+1ms) 
07:23:24   ├─ /poem-689.html (+1ms) 
07:23:24   ├─ /poem-69.html (+0ms) 
07:23:24   ├─ /poem-691.html (+1ms) 
07:23:24   ├─ /poem-692.html (+0ms) 
07:23:24   ├─ /poem-693.html (+1ms) 
07:23:24   ├─ /poem-694.html (+0ms) 
07:23:24   ├─ /poem-695.html (+0ms) 
07:23:24   ├─ /poem-696.html (+0ms) 
07:23:24   ├─ /poem-697.html (+0ms) 
07:23:24   ├─ /poem-698.html (+0ms) 
07:23:24   ├─ /poem-699.html (+1ms) 
07:23:24   ├─ /poem-7.html (+2ms) 
07:23:24   ├─ /poem-70.html (+1ms) 
07:23:24   ├─ /poem-700.html (+1ms) 
07:23:24   ├─ /poem-701.html (+1ms) 
07:23:24   ├─ /poem-702.html (+1ms) 
07:23:24   ├─ /poem-703.html (+0ms) 
07:23:24   ├─ /poem-704.html (+0ms) 
07:23:24   ├─ /poem-705.html (+0ms) 
07:23:24   ├─ /poem-706.html (+1ms) 
07:23:24   ├─ /poem-707.html (+0ms) 
07:23:24   ├─ /poem-708.html (+0ms) 
07:23:24   ├─ /poem-709.html (+0ms) 
07:23:24   ├─ /poem-71.html (+0ms) 
07:23:24   ├─ /poem-710.html (+0ms) 
07:23:24   ├─ /poem-711.html (+1ms) 
07:23:24   ├─ /poem-712.html (+1ms) 
07:23:24   ├─ /poem-713.html (+1ms) 
07:23:24   ├─ /poem-714.html (+1ms) 
07:23:24   ├─ /poem-715.html (+1ms) 
07:23:24   ├─ /poem-716.html (+1ms) 
07:23:24   ├─ /poem-717.html (+1ms) 
07:23:24   ├─ /poem-718.html (+0ms) 
07:23:24   ├─ /poem-719.html (+0ms) 
07:23:24   ├─ /poem-72.html (+0ms) 
07:23:24   ├─ /poem-720.html (+1ms) 
07:23:24   ├─ /poem-721.html (+0ms) 
07:23:24   ├─ /poem-722.html (+0ms) 
07:23:24   ├─ /poem-723.html (+0ms) 
07:23:24   ├─ /poem-724.html (+0ms) 
07:23:24   ├─ /poem-725.html (+1ms) 
07:23:24   ├─ /poem-726.html (+1ms) 
07:23:24   ├─ /poem-727.html (+1ms) 
07:23:24   ├─ /poem-728.html (+1ms) 
07:23:24   ├─ /poem-729.html (+1ms) 
07:23:24   ├─ /poem-73.html (+0ms) 
07:23:24   ├─ /poem-730.html (+0ms) 
07:23:24   ├─ /poem-731.html (+1ms) 
07:23:24   ├─ /poem-732.html (+0ms) 
07:23:24   ├─ /poem-733.html (+0ms) 
07:23:24   ├─ /poem-734.html (+0ms) 
07:23:24   ├─ /poem-735.html (+1ms) 
07:23:24   ├─ /poem-736.html (+0ms) 
07:23:24   ├─ /poem-737.html (+0ms) 
07:23:24   ├─ /poem-738.html (+0ms) 
07:23:24   ├─ /poem-739.html (+0ms) 
07:23:24   ├─ /poem-74.html (+0ms) 
07:23:24   ├─ /poem-740.html (+1ms) 
07:23:24   ├─ /poem-741.html (+0ms) 
07:23:24   ├─ /poem-742.html (+1ms) 
07:23:24   ├─ /poem-743.html (+1ms) 
07:23:24   ├─ /poem-744.html (+0ms) 
07:23:24   ├─ /poem-745.html (+2ms) 
07:23:24   ├─ /poem-746.html (+0ms) 
07:23:24   ├─ /poem-747.html (+0ms) 
07:23:24   ├─ /poem-748.html (+1ms) 
07:23:24   ├─ /poem-749.html (+0ms) 
07:23:24   ├─ /poem-75.html (+0ms) 
07:23:24   ├─ /poem-750.html (+0ms) 
07:23:24   ├─ /poem-751.html (+0ms) 
07:23:24   ├─ /poem-752.html (+1ms) 
07:23:24   ├─ /poem-753.html (+1ms) 
07:23:24   ├─ /poem-754.html (+1ms) 
07:23:24   ├─ /poem-755.html (+0ms) 
07:23:24   ├─ /poem-756.html (+0ms) 
07:23:24   ├─ /poem-757.html (+0ms) 
07:23:24   ├─ /poem-758.html (+0ms) 
07:23:24   ├─ /poem-759.html (+1ms) 
07:23:24   ├─ /poem-76.html (+0ms) 
07:23:24   ├─ /poem-760.html (+0ms) 
07:23:24   ├─ /poem-761.html (+0ms) 
07:23:24   ├─ /poem-762.html (+0ms) 
07:23:24   ├─ /poem-763.html (+1ms) 
07:23:24   ├─ /poem-764.html (+0ms) 
07:23:24   ├─ /poem-765.html (+1ms) 
07:23:24   ├─ /poem-766.html (+0ms) 
07:23:24   ├─ /poem-767.html (+0ms) 
07:23:24   ├─ /poem-768.html (+1ms) 
07:23:24   ├─ /poem-769.html (+1ms) 
07:23:24   ├─ /poem-77.html (+1ms) 
07:23:24   ├─ /poem-770.html (+0ms) 
07:23:24   ├─ /poem-771.html (+0ms) 
07:23:24   ├─ /poem-772.html (+1ms) 
07:23:24   ├─ /poem-773.html (+0ms) 
07:23:24   ├─ /poem-774.html (+0ms) 
07:23:24   ├─ /poem-775.html (+0ms) 
07:23:24   ├─ /poem-776.html (+0ms) 
07:23:24   ├─ /poem-777.html (+0ms) 
07:23:24   ├─ /poem-778.html (+0ms) 
07:23:24   ├─ /poem-779.html (+0ms) 
07:23:24   ├─ /poem-78.html (+1ms) 
07:23:24   ├─ /poem-780.html (+1ms) 
07:23:24   ├─ /poem-781.html (+1ms) 
07:23:24   ├─ /poem-782.html (+1ms) 
07:23:24   ├─ /poem-783.html (+0ms) 
07:23:24   ├─ /poem-784.html (+0ms) 
07:23:24   ├─ /poem-785.html (+1ms) 
07:23:24   ├─ /poem-786.html (+0ms) 
07:23:24   ├─ /poem-787.html (+1ms) 
07:23:24   ├─ /poem-788.html (+0ms) 
07:23:24   ├─ /poem-789.html (+0ms) 
07:23:24   ├─ /poem-79.html (+0ms) 
07:23:24   ├─ /poem-790.html (+2ms) 
07:23:24   ├─ /poem-791.html (+1ms) 
07:23:24   ├─ /poem-792.html (+1ms) 
07:23:24   ├─ /poem-793.html (+2ms) 
07:23:24   ├─ /poem-794.html (+1ms) 
07:23:24   ├─ /poem-795.html (+0ms) 
07:23:24   ├─ /poem-796.html (+1ms) 
07:23:24   ├─ /poem-797.html (+1ms) 
07:23:24   ├─ /poem-798.html (+0ms) 
07:23:24   ├─ /poem-799.html (+1ms) 
07:23:24   ├─ /poem-8.html (+0ms) 
07:23:24   ├─ /poem-80.html (+0ms) 
07:23:24   ├─ /poem-800.html (+3ms) 
07:23:24   ├─ /poem-801.html (+1ms) 
07:23:24   ├─ /poem-802.html (+1ms) 
07:23:24   ├─ /poem-803.html (+0ms) 
07:23:24   ├─ /poem-804.html (+1ms) 
07:23:24   ├─ /poem-805.html (+1ms) 
07:23:24   ├─ /poem-806.html (+0ms) 
07:23:24   ├─ /poem-807.html (+0ms) 
07:23:24   ├─ /poem-808.html (+0ms) 
07:23:24   ├─ /poem-81.html (+1ms) 
07:23:24   ├─ /poem-811.html (+1ms) 
07:23:24   ├─ /poem-812.html (+1ms) 
07:23:24   ├─ /poem-813.html (+1ms) 
07:23:24   ├─ /poem-815.html (+1ms) 
07:23:24   ├─ /poem-816.html (+1ms) 
07:23:24   ├─ /poem-817.html (+1ms) 
07:23:24   ├─ /poem-818.html (+1ms) 
07:23:24   ├─ /poem-819.html (+0ms) 
07:23:24   ├─ /poem-82.html (+1ms) 
07:23:24   ├─ /poem-820.html (+1ms) 
07:23:24   ├─ /poem-821.html (+1ms) 
07:23:24   ├─ /poem-822.html (+1ms) 
07:23:24   ├─ /poem-823.html (+1ms) 
07:23:24   ├─ /poem-83.html (+1ms) 
07:23:24   ├─ /poem-84.html (+1ms) 
07:23:24   ├─ /poem-85.html (+1ms) 
07:23:24   ├─ /poem-86.html (+0ms) 
07:23:24   ├─ /poem-87.html (+1ms) 
07:23:24   ├─ /poem-88.html (+1ms) 
07:23:24   ├─ /poem-89.html (+1ms) 
07:23:24   ├─ /poem-9.html (+0ms) 
07:23:24   ├─ /poem-90.html (+0ms) 
07:23:24   ├─ /poem-91.html (+0ms) 
07:23:24   ├─ /poem-92.html (+0ms) 
07:23:24   ├─ /poem-93.html (+1ms) 
07:23:24   ├─ /poem-94.html (+1ms) 
07:23:24   ├─ /poem-95.html (+1ms) 
07:23:24   ├─ /poem-96.html (+1ms) 
07:23:24   ├─ /poem-97.html (+1ms) 
07:23:24   ├─ /poem-98.html (+2ms) 
07:23:24   ├─ /poem-99.html (+1ms) 
07:23:24   ├─ /poem-dokana.html (+1ms) 
07:23:24   ├─ /poem-drink.html (+0ms) 
07:23:24   ├─ /poem-kshanika.html (+0ms) 
07:23:24   ├─ /poems.html (+27ms) 
07:23:24   ├─ /poet-100.html (+5ms) 
07:23:24   ├─ /poet-101.html (+1ms) 
07:23:24   ├─ /poet-102.html (+1ms) 
07:23:24   ├─ /poet-103.html (+0ms) 
07:23:24   ├─ /poet-104.html (+0ms) 
07:23:24   ├─ /poet-105.html (+0ms) 
07:23:24   ├─ /poet-106.html (+0ms) 
07:23:24   ├─ /poet-107.html (+0ms) 
07:23:24   ├─ /poet-108.html (+1ms) 
07:23:24   ├─ /poet-109.html (+1ms) 
07:23:24   ├─ /poet-110.html (+1ms) 
07:23:24   ├─ /poet-111.html (+1ms) 
07:23:24   ├─ /poet-112.html (+0ms) 
07:23:24   ├─ /poet-113.html (+0ms) 
07:23:24   ├─ /poet-115.html (+0ms) 
07:23:24   ├─ /poet-116.html (+0ms) 
07:23:24   ├─ /poet-117.html (+0ms) 
07:23:24   ├─ /poet-118.html (+1ms) 
07:23:24   ├─ /poet-119.html (+1ms) 
07:23:24   ├─ /poet-120.html (+0ms) 
07:23:24   ├─ /poet-121.html (+0ms) 
07:23:24   ├─ /poet-122.html (+0ms) 
07:23:24   ├─ /poet-123.html (+1ms) 
07:23:24   ├─ /poet-124.html (+1ms) 
07:23:24   ├─ /poet-125.html (+1ms) 
07:23:24   ├─ /poet-126.html (+1ms) 
07:23:24   ├─ /poet-129.html (+1ms) 
07:23:24   ├─ /poet-130.html (+0ms) 
07:23:24   ├─ /poet-131.html (+0ms) 
07:23:24   ├─ /poet-133.html (+0ms) 
07:23:24   ├─ /poet-134.html (+0ms) 
07:23:24   ├─ /poet-135.html (+0ms) 
07:23:24   ├─ /poet-136.html (+0ms) 
07:23:24   ├─ /poet-137.html (+0ms) 
07:23:24   ├─ /poet-138.html (+0ms) 
07:23:24   ├─ /poet-139.html (+0ms) 
07:23:24   ├─ /poet-140.html (+0ms) 
07:23:24   ├─ /poet-141.html (+0ms) 
07:23:24   ├─ /poet-142.html (+0ms) 
07:23:24   ├─ /poet-144.html (+0ms) 
07:23:24   ├─ /poet-145.html (+1ms) 
07:23:24   ├─ /poet-146.html (+1ms) 
07:23:24   ├─ /poet-147.html (+0ms) 
07:23:24   ├─ /poet-148.html (+0ms) 
07:23:24   ├─ /poet-149.html (+0ms) 
07:23:24   ├─ /poet-150.html (+0ms) 
07:23:24   ├─ /poet-151.html (+0ms) 
07:23:24   ├─ /poet-152.html (+0ms) 
07:23:24   ├─ /poet-153.html (+0ms) 
07:23:24   ├─ /poet-154.html (+0ms) 
07:23:24   ├─ /poet-155.html (+0ms) 
07:23:24   ├─ /poet-156.html (+0ms) 
07:23:24   ├─ /poet-157.html (+0ms) 
07:23:24   ├─ /poet-158.html (+0ms) 
07:23:24   ├─ /poet-159.html (+0ms) 
07:23:24   ├─ /poet-160.html (+0ms) 
07:23:24   ├─ /poet-161.html (+0ms) 
07:23:24   ├─ /poet-162.html (+0ms) 
07:23:24   ├─ /poet-163.html (+0ms) 
07:23:24   ├─ /poet-164.html (+0ms) 
07:23:24   ├─ /poet-165.html (+0ms) 
07:23:24   ├─ /poet-166.html (+1ms) 
07:23:24   ├─ /poet-167.html (+1ms) 
07:23:24   ├─ /poet-168.html (+0ms) 
07:23:24   ├─ /poet-169.html (+0ms) 
07:23:24   ├─ /poet-170.html (+0ms) 
07:23:24   ├─ /poet-171.html (+0ms) 
07:23:24   ├─ /poet-172.html (+0ms) 
07:23:24   ├─ /poet-173.html (+0ms) 
07:23:24   ├─ /poet-174.html (+0ms) 
07:23:24   ├─ /poet-175.html (+0ms) 
07:23:24   ├─ /poet-176.html (+0ms) 
07:23:24   ├─ /poet-177.html (+0ms) 
07:23:24   ├─ /poet-178.html (+0ms) 
07:23:24   ├─ /poet-179.html (+0ms) 
07:23:24   ├─ /poet-180.html (+0ms) 
07:23:24   ├─ /poet-181.html (+0ms) 
07:23:24   ├─ /poet-182.html (+0ms) 
07:23:24   ├─ /poet-183.html (+0ms) 
07:23:24   ├─ /poet-184.html (+0ms) 
07:23:24   ├─ /poet-185.html (+0ms) 
07:23:24   ├─ /poet-186.html (+0ms) 
07:23:24   ├─ /poet-187.html (+0ms) 
07:23:24   ├─ /poet-188.html (+0ms) 
07:23:24   ├─ /poet-189.html (+0ms) 
07:23:24   ├─ /poet-190.html (+0ms) 
07:23:24   ├─ /poet-191.html (+0ms) 
07:23:24   ├─ /poet-192.html (+0ms) 
07:23:24   ├─ /poet-193.html (+0ms) 
07:23:24   ├─ /poet-194.html (+0ms) 
07:23:24   ├─ /poet-195.html (+0ms) 
07:23:24   ├─ /poet-196.html (+0ms) 
07:23:24   ├─ /poet-197.html (+0ms) 
07:23:24   ├─ /poet-198.html (+0ms) 
07:23:24   ├─ /poet-199.html (+0ms) 
07:23:24   ├─ /poet-20.html (+0ms) 
07:23:24   ├─ /poet-200.html (+0ms) 
07:23:24   ├─ /poet-201.html (+1ms) 
07:23:24   ├─ /poet-202.html (+0ms) 
07:23:24   ├─ /poet-203.html (+0ms) 
07:23:24   ├─ /poet-204.html (+0ms) 
07:23:24   ├─ /poet-205.html (+0ms) 
07:23:24   ├─ /poet-206.html (+1ms) 
07:23:24   ├─ /poet-207.html (+1ms) 
07:23:24   ├─ /poet-208.html (+1ms) 
07:23:24   ├─ /poet-209.html (+0ms) 
07:23:24   ├─ /poet-21.html (+0ms) 
07:23:24   ├─ /poet-210.html (+1ms) 
07:23:24   ├─ /poet-211.html (+0ms) 
07:23:24   ├─ /poet-212.html (+0ms) 
07:23:24   ├─ /poet-213.html (+0ms) 
07:23:24   ├─ /poet-214.html (+0ms) 
07:23:24   ├─ /poet-215.html (+0ms) 
07:23:24   ├─ /poet-216.html (+0ms) 
07:23:24   ├─ /poet-217.html (+0ms) 
07:23:24   ├─ /poet-218.html (+0ms) 
07:23:24   ├─ /poet-219.html (+0ms) 
07:23:24   ├─ /poet-220.html (+0ms) 
07:23:24   ├─ /poet-222.html (+0ms) 
07:23:24   ├─ /poet-223.html (+1ms) 
07:23:24   ├─ /poet-224.html (+0ms) 
07:23:24   ├─ /poet-225.html (+1ms) 
07:23:24   ├─ /poet-226.html (+0ms) 
07:23:24   ├─ /poet-227.html (+0ms) 
07:23:24   ├─ /poet-228.html (+0ms) 
07:23:24   ├─ /poet-229.html (+0ms) 
07:23:24   ├─ /poet-23.html (+0ms) 
07:23:24   ├─ /poet-230.html (+0ms) 
07:23:24   ├─ /poet-231.html (+0ms) 
07:23:24   ├─ /poet-232.html (+1ms) 
07:23:24   ├─ /poet-233.html (+0ms) 
07:23:24   ├─ /poet-234.html (+0ms) 
07:23:24   ├─ /poet-235.html (+0ms) 
07:23:24   ├─ /poet-236.html (+0ms) 
07:23:24   ├─ /poet-237.html (+0ms) 
07:23:24   ├─ /poet-238.html (+0ms) 
07:23:24   ├─ /poet-239.html (+1ms) 
07:23:24   ├─ /poet-24.html (+1ms) 
07:23:24   ├─ /poet-240.html (+0ms) 
07:23:24   ├─ /poet-241.html (+0ms) 
07:23:24   ├─ /poet-243.html (+0ms) 
07:23:24   ├─ /poet-244.html (+0ms) 
07:23:24   ├─ /poet-245.html (+0ms) 
07:23:24   ├─ /poet-246.html (+0ms) 
07:23:24   ├─ /poet-248.html (+0ms) 
07:23:24   ├─ /poet-249.html (+0ms) 
07:23:24   ├─ /poet-25.html (+0ms) 
07:23:24   ├─ /poet-250.html (+0ms) 
07:23:24   ├─ /poet-251.html (+0ms) 
07:23:24   ├─ /poet-252.html (+0ms) 
07:23:24   ├─ /poet-253.html (+0ms) 
07:23:24   ├─ /poet-254.html (+0ms) 
07:23:24   ├─ /poet-255.html (+0ms) 
07:23:24   ├─ /poet-256.html (+0ms) 
07:23:24   ├─ /poet-258.html (+0ms) 
07:23:24   ├─ /poet-259.html (+1ms) 
07:23:24   ├─ /poet-26.html (+1ms) 
07:23:24   ├─ /poet-260.html (+1ms) 
07:23:24   ├─ /poet-262.html (+0ms) 
07:23:24   ├─ /poet-263.html (+0ms) 
07:23:24   ├─ /poet-264.html (+0ms) 
07:23:24   ├─ /poet-265.html (+1ms) 
07:23:24   ├─ /poet-266.html (+1ms) 
07:23:24   ├─ /poet-267.html (+1ms) 
07:23:24   ├─ /poet-268.html (+1ms) 
07:23:24   ├─ /poet-269.html (+1ms) 
07:23:24   ├─ /poet-27.html (+1ms) 
07:23:24   ├─ /poet-270.html (+2ms) 
07:23:24   ├─ /poet-271.html (+1ms) 
07:23:24   ├─ /poet-272.html (+1ms) 
07:23:24   ├─ /poet-273.html (+0ms) 
07:23:24   ├─ /poet-274.html (+0ms) 
07:23:24   ├─ /poet-275.html (+0ms) 
07:23:24   ├─ /poet-276.html (+0ms) 
07:23:24   ├─ /poet-277.html (+0ms) 
07:23:24   ├─ /poet-278.html (+0ms) 
07:23:24   ├─ /poet-279.html (+0ms) 
07:23:24   ├─ /poet-28.html (+0ms) 
07:23:24   ├─ /poet-280.html (+0ms) 
07:23:24   ├─ /poet-281.html (+0ms) 
07:23:24   ├─ /poet-282.html (+0ms) 
07:23:24   ├─ /poet-283.html (+0ms) 
07:23:24   ├─ /poet-284.html (+1ms) 
07:23:24   ├─ /poet-285.html (+1ms) 
07:23:24   ├─ /poet-286.html (+0ms) 
07:23:24   ├─ /poet-287.html (+0ms) 
07:23:24   ├─ /poet-288.html (+0ms) 
07:23:24   ├─ /poet-289.html (+0ms) 
07:23:24   ├─ /poet-29.html (+0ms) 
07:23:24   ├─ /poet-290.html (+0ms) 
07:23:24   ├─ /poet-291.html (+0ms) 
07:23:24   ├─ /poet-292.html (+0ms) 
07:23:24   ├─ /poet-293.html (+0ms) 
07:23:24   ├─ /poet-294.html (+0ms) 
07:23:24   ├─ /poet-295.html (+0ms) 
07:23:24   ├─ /poet-296.html (+0ms) 
07:23:24   ├─ /poet-297.html (+0ms) 
07:23:24   ├─ /poet-298.html (+0ms) 
07:23:24   ├─ /poet-299.html (+0ms) 
07:23:24   ├─ /poet-30.html (+0ms) 
07:23:24   ├─ /poet-300.html (+0ms) 
07:23:24   ├─ /poet-301.html (+0ms) 
07:23:24   ├─ /poet-302.html (+0ms) 
07:23:24   ├─ /poet-303.html (+1ms) 
07:23:24   ├─ /poet-304.html (+0ms) 
07:23:24   ├─ /poet-305.html (+0ms) 
07:23:24   ├─ /poet-306.html (+1ms) 
07:23:24   ├─ /poet-308.html (+0ms) 
07:23:24   ├─ /poet-309.html (+0ms) 
07:23:24   ├─ /poet-31.html (+0ms) 
07:23:24   ├─ /poet-310.html (+0ms) 
07:23:24   ├─ /poet-311.html (+0ms) 
07:23:24   ├─ /poet-313.html (+0ms) 
07:23:24   ├─ /poet-314.html (+0ms) 
07:23:24   ├─ /poet-315.html (+0ms) 
07:23:24   ├─ /poet-316.html (+0ms) 
07:23:24   ├─ /poet-317.html (+0ms) 
07:23:24   ├─ /poet-318.html (+0ms) 
07:23:24   ├─ /poet-319.html (+0ms) 
07:23:24   ├─ /poet-32.html (+0ms) 
07:23:24   ├─ /poet-320.html (+0ms) 
07:23:24   ├─ /poet-321.html (+0ms) 
07:23:24   ├─ /poet-322.html (+0ms) 
07:23:24   ├─ /poet-323.html (+1ms) 
07:23:24   ├─ /poet-325.html (+0ms) 
07:23:24   ├─ /poet-326.html (+0ms) 
07:23:24   ├─ /poet-327.html (+0ms) 
07:23:24   ├─ /poet-328.html (+0ms) 
07:23:24   ├─ /poet-329.html (+0ms) 
07:23:24   ├─ /poet-330.html (+0ms) 
07:23:24   ├─ /poet-331.html (+0ms) 
07:23:24   ├─ /poet-332.html (+0ms) 
07:23:24   ├─ /poet-333.html (+0ms) 
07:23:24   ├─ /poet-334.html (+0ms) 
07:23:24   ├─ /poet-335.html (+0ms) 
07:23:24   ├─ /poet-338.html (+0ms) 
07:23:24   ├─ /poet-339.html (+0ms) 
07:23:24   ├─ /poet-34.html (+0ms) 
07:23:24   ├─ /poet-340.html (+0ms) 
07:23:24   ├─ /poet-341.html (+0ms) 
07:23:24   ├─ /poet-342.html (+0ms) 
07:23:24   ├─ /poet-344.html (+0ms) 
07:23:24   ├─ /poet-345.html (+0ms) 
07:23:24   ├─ /poet-346.html (+0ms) 
07:23:24   ├─ /poet-347.html (+0ms) 
07:23:24   ├─ /poet-349.html (+0ms) 
07:23:24   ├─ /poet-35.html (+1ms) 
07:23:24   ├─ /poet-351.html (+1ms) 
07:23:24   ├─ /poet-352.html (+1ms) 
07:23:24   ├─ /poet-353.html (+0ms) 
07:23:24   ├─ /poet-354.html (+0ms) 
07:23:24   ├─ /poet-355.html (+0ms) 
07:23:24   ├─ /poet-356.html (+0ms) 
07:23:24   ├─ /poet-357.html (+0ms) 
07:23:24   ├─ /poet-358.html (+0ms) 
07:23:24   ├─ /poet-359.html (+0ms) 
07:23:24   ├─ /poet-36.html (+0ms) 
07:23:24   ├─ /poet-360.html (+0ms) 
07:23:24   ├─ /poet-361.html (+0ms) 
07:23:24   ├─ /poet-362.html (+0ms) 
07:23:24   ├─ /poet-363.html (+0ms) 
07:23:24   ├─ /poet-364.html (+0ms) 
07:23:24   ├─ /poet-365.html (+0ms) 
07:23:24   ├─ /poet-366.html (+0ms) 
07:23:24   ├─ /poet-368.html (+0ms) 
07:23:24   ├─ /poet-369.html (+0ms) 
07:23:24   ├─ /poet-37.html (+0ms) 
07:23:24   ├─ /poet-370.html (+0ms) 
07:23:24   ├─ /poet-371.html (+0ms) 
07:23:24   ├─ /poet-372.html (+1ms) 
07:23:24   ├─ /poet-373.html (+0ms) 
07:23:24   ├─ /poet-374.html (+0ms) 
07:23:24   ├─ /poet-376.html (+0ms) 
07:23:24   ├─ /poet-377.html (+1ms) 
07:23:24   ├─ /poet-379.html (+0ms) 
07:23:24   ├─ /poet-38.html (+0ms) 
07:23:24   ├─ /poet-380.html (+0ms) 
07:23:24   ├─ /poet-381.html (+0ms) 
07:23:24   ├─ /poet-382.html (+0ms) 
07:23:24   ├─ /poet-383.html (+0ms) 
07:23:24   ├─ /poet-384.html (+0ms) 
07:23:24   ├─ /poet-385.html (+0ms) 
07:23:24   ├─ /poet-386.html (+0ms) 
07:23:24   ├─ /poet-387.html (+0ms) 
07:23:24   ├─ /poet-388.html (+0ms) 
07:23:24   ├─ /poet-389.html (+0ms) 
07:23:24   ├─ /poet-39.html (+1ms) 
07:23:24   ├─ /poet-390.html (+1ms) 
07:23:24   ├─ /poet-391.html (+1ms) 
07:23:24   ├─ /poet-392.html (+1ms) 
07:23:24   ├─ /poet-393.html (+0ms) 
07:23:24   ├─ /poet-394.html (+0ms) 
07:23:24   ├─ /poet-395.html (+0ms) 
07:23:24   ├─ /poet-396.html (+0ms) 
07:23:24   ├─ /poet-398.html (+0ms) 
07:23:24   ├─ /poet-399.html (+0ms) 
07:23:24   ├─ /poet-40.html (+0ms) 
07:23:24   ├─ /poet-400.html (+0ms) 
07:23:24   ├─ /poet-401.html (+0ms) 
07:23:24   ├─ /poet-402.html (+0ms) 
07:23:24   ├─ /poet-403.html (+0ms) 
07:23:24   ├─ /poet-404.html (+0ms) 
07:23:24   ├─ /poet-405.html (+0ms) 
07:23:24   ├─ /poet-406.html (+0ms) 
07:23:24   ├─ /poet-407.html (+0ms) 
07:23:24   ├─ /poet-408.html (+0ms) 
07:23:24   ├─ /poet-409.html (+0ms) 
07:23:24   ├─ /poet-41.html (+0ms) 
07:23:24   ├─ /poet-410.html (+0ms) 
07:23:24   ├─ /poet-411.html (+0ms) 
07:23:24   ├─ /poet-412.html (+0ms) 
07:23:24   ├─ /poet-413.html (+0ms) 
07:23:24   ├─ /poet-414.html (+0ms) 
07:23:24   ├─ /poet-415.html (+0ms) 
07:23:24   ├─ /poet-416.html (+0ms) 
07:23:24   ├─ /poet-417.html (+0ms) 
07:23:24   ├─ /poet-418.html (+0ms) 
07:23:24   ├─ /poet-419.html (+0ms) 
07:23:24   ├─ /poet-42.html (+0ms) 
07:23:24   ├─ /poet-420.html (+0ms) 
07:23:24   ├─ /poet-421.html (+0ms) 
07:23:24   ├─ /poet-422.html (+0ms) 
07:23:24   ├─ /poet-423.html (+0ms) 
07:23:24   ├─ /poet-424.html (+0ms) 
07:23:24   ├─ /poet-425.html (+0ms) 
07:23:24   ├─ /poet-426.html (+0ms) 
07:23:24   ├─ /poet-427.html (+0ms) 
07:23:24   ├─ /poet-428.html (+0ms) 
07:23:24   ├─ /poet-429.html (+0ms) 
07:23:24   ├─ /poet-430.html (+0ms) 
07:23:24   ├─ /poet-431.html (+0ms) 
07:23:24   ├─ /poet-432.html (+1ms) 
07:23:24   ├─ /poet-433.html (+0ms) 
07:23:24   ├─ /poet-434.html (+0ms) 
07:23:24   ├─ /poet-435.html (+0ms) 
07:23:24   ├─ /poet-436.html (+0ms) 
07:23:24   ├─ /poet-437.html (+0ms) 
07:23:24   ├─ /poet-438.html (+0ms) 
07:23:24   ├─ /poet-439.html (+0ms) 
07:23:24   ├─ /poet-44.html (+0ms) 
07:23:24   ├─ /poet-440.html (+0ms) 
07:23:24   ├─ /poet-441.html (+0ms) 
07:23:24   ├─ /poet-442.html (+0ms) 
07:23:24   ├─ /poet-443.html (+0ms) 
07:23:24   ├─ /poet-444.html (+0ms) 
07:23:24   ├─ /poet-445.html (+0ms) 
07:23:24   ├─ /poet-446.html (+0ms) 
07:23:24   ├─ /poet-447.html (+0ms) 
07:23:24   ├─ /poet-448.html (+0ms) 
07:23:24   ├─ /poet-449.html (+0ms) 
07:23:24   ├─ /poet-45.html (+0ms) 
07:23:24   ├─ /poet-450.html (+0ms) 
07:23:24   ├─ /poet-451.html (+0ms) 
07:23:24   ├─ /poet-452.html (+0ms) 
07:23:24   ├─ /poet-453.html (+1ms) 
07:23:24   ├─ /poet-454.html (+1ms) 
07:23:24   ├─ /poet-455.html (+1ms) 
07:23:24   ├─ /poet-456.html (+0ms) 
07:23:24   ├─ /poet-457.html (+0ms) 
07:23:24   ├─ /poet-458.html (+0ms) 
07:23:24   ├─ /poet-459.html (+0ms) 
07:23:24   ├─ /poet-46.html (+0ms) 
07:23:24   ├─ /poet-460.html (+0ms) 
07:23:24   ├─ /poet-461.html (+0ms) 
07:23:24   ├─ /poet-462.html (+0ms) 
07:23:24   ├─ /poet-463.html (+0ms) 
07:23:24   ├─ /poet-464.html (+0ms) 
07:23:24   ├─ /poet-465.html (+0ms) 
07:23:24   ├─ /poet-466.html (+0ms) 
07:23:24   ├─ /poet-467.html (+0ms) 
07:23:24   ├─ /poet-468.html (+0ms) 
07:23:24   ├─ /poet-469.html (+0ms) 
07:23:24   ├─ /poet-47.html (+0ms) 
07:23:24   ├─ /poet-470.html (+0ms) 
07:23:24   ├─ /poet-471.html (+0ms) 
07:23:24   ├─ /poet-472.html (+0ms) 
07:23:24   ├─ /poet-48.html (+0ms) 
07:23:24   ├─ /poet-49.html (+1ms) 
07:23:24   ├─ /poet-51.html (+0ms) 
07:23:24   ├─ /poet-52.html (+0ms) 
07:23:24   ├─ /poet-53.html (+2ms) 
07:23:24   ├─ /poet-54.html (+0ms) 
07:23:24   ├─ /poet-55.html (+0ms) 
07:23:24   ├─ /poet-56.html (+0ms) 
07:23:24   ├─ /poet-57.html (+0ms) 
07:23:24   ├─ /poet-58.html (+0ms) 
07:23:24   ├─ /poet-59.html (+0ms) 
07:23:24   ├─ /poet-60.html (+0ms) 
07:23:24   ├─ /poet-61.html (+0ms) 
07:23:24   ├─ /poet-62.html (+0ms) 
07:23:24   ├─ /poet-63.html (+0ms) 
07:23:24   ├─ /poet-65.html (+0ms) 
07:23:24   ├─ /poet-67.html (+0ms) 
07:23:24   ├─ /poet-68.html (+0ms) 
07:23:24   ├─ /poet-69.html (+0ms) 
07:23:24   ├─ /poet-70.html (+0ms) 
07:23:24   ├─ /poet-71.html (+0ms) 
07:23:24   ├─ /poet-72.html (+0ms) 
07:23:24   ├─ /poet-73.html (+0ms) 
07:23:24   ├─ /poet-74.html (+0ms) 
07:23:24   ├─ /poet-75.html (+0ms) 
07:23:24   ├─ /poet-76.html (+0ms) 
07:23:24   ├─ /poet-77.html (+0ms) 
07:23:24   ├─ /poet-78.html (+0ms) 
07:23:24   ├─ /poet-79.html (+0ms) 
07:23:24   ├─ /poet-80.html (+0ms) 
07:23:24   ├─ /poet-81.html (+0ms) 
07:23:24   ├─ /poet-83.html (+0ms) 
07:23:24   ├─ /poet-84.html (+1ms) 
07:23:24   ├─ /poet-85.html (+0ms) 
07:23:24   ├─ /poet-86.html (+0ms) 
07:23:24   ├─ /poet-87.html (+0ms) 
07:23:24   ├─ /poet-88.html (+1ms) 
07:23:24   ├─ /poet-89.html (+1ms) 
07:23:24   ├─ /poet-90.html (+1ms) 
07:23:24   ├─ /poet-91.html (+0ms) 
07:23:24   ├─ /poet-92.html (+0ms) 
07:23:24   ├─ /poet-93.html (+0ms) 
07:23:24   ├─ /poet-94.html (+1ms) 
07:23:24   ├─ /poet-95.html (+0ms) 
07:23:24   ├─ /poet-96.html (+0ms) 
07:23:24   ├─ /poet-97.html (+0ms) 
07:23:24   ├─ /poet-98.html (+0ms) 
07:23:24   ├─ /poet-99.html (+0ms) 
07:23:24   ├─ /poet-dokana.html (+0ms) 
07:23:24   ├─ /poet-drink.html (+0ms) 
07:23:24   ├─ /poet-kshanika.html (+0ms) 
07:23:24   ├─ /poets.html (+2ms) 
07:23:24   ├─ /search.html (+0ms) 
07:23:24   ├─ /submit.html (+0ms) 
07:23:24   ├─ /thirty-languages-and-the-journey-of-a-poem.html (+0ms) 
07:23:24   ├─ /upcoming.html (+0ms) 
07:23:24 ✓ Completed in 1.34s.

07:23:24 [build] ✓ Completed in 2.91s.
07:23:24 [build] 1299 page(s) built in 3.40s
07:23:24 [build] Complete!

Running Pagefind v1.5.2 (Extended)
Running from: "/private/tmp/kbl-selective-portraits-20261003/output/kabitalive-design-proposal-2026-09-29/site"
Source:       "dist"
Output:       "dist/pagefind"

[Walking source directory]
Found 1299 files matching **/*.{html}

[Parsing files]
Found a data-pagefind-body element on the site.
↳ Ignoring pages without this tag.

[Reading languages]
Discovered 1 language: en

[Building search indexes]
Total: 
  Indexed 1 language
  Indexed 1295 pages
  Indexed 26886 words
  Indexed 0 filters
  Indexed 0 sorts

Finished in 0.934 seconds
